DEBUG - 2026-02-03 12:20:48 --> Session: Class initialized using 'CodeIgniter\Session\Handlers\FileHandler' driver.
DEBUG - 2026-02-03 12:23:27 --> Session: Class initialized using 'CodeIgniter\Session\Handlers\FileHandler' driver.
DEBUG - 2026-02-03 12:23:35 --> Session: Class initialized using 'CodeIgniter\Session\Handlers\FileHandler' driver.
DEBUG - 2026-02-03 12:23:35 --> Session: Class initialized using 'CodeIgniter\Session\Handlers\FileHandler' driver.
DEBUG - 2026-02-03 12:23:43 --> Session: Class initialized using 'CodeIgniter\Session\Handlers\FileHandler' driver.
DEBUG - 2026-02-03 12:23:44 --> Session: Class initialized using 'CodeIgniter\Session\Handlers\FileHandler' driver.
DEBUG - 2026-02-03 12:24:18 --> Session: Class initialized using 'CodeIgniter\Session\Handlers\FileHandler' driver.
DEBUG - 2026-02-03 12:24:30 --> Session: Class initialized using 'CodeIgniter\Session\Handlers\FileHandler' driver.
DEBUG - 2026-02-03 12:24:33 --> Session: Class initialized using 'CodeIgniter\Session\Handlers\FileHandler' driver.
DEBUG - 2026-02-03 12:29:17 --> Session: Class initialized using 'CodeIgniter\Session\Handlers\FileHandler' driver.
DEBUG - 2026-02-03 12:29:20 --> Session: Class initialized using 'CodeIgniter\Session\Handlers\FileHandler' driver.
DEBUG - 2026-02-03 12:29:20 --> Session: Class initialized using 'CodeIgniter\Session\Handlers\FileHandler' driver.
ERROR - 2026-02-03 12:29:22 --> mysqli_sql_exception: Unknown column 'lienDectPro' in 'field list' in C:\xampp\htdocs\www\Site-du-PEC\htdocs\system\Database\MySQLi\Connection.php:327
Stack trace:
#0 C:\xampp\htdocs\www\Site-du-PEC\htdocs\system\Database\MySQLi\Connection.php(327): mysqli->query('SELECT `lienDec...', 0)
#1 C:\xampp\htdocs\www\Site-du-PEC\htdocs\system\Database\BaseConnection.php(738): CodeIgniter\Database\MySQLi\Connection->execute('SELECT `lienDec...')
#2 C:\xampp\htdocs\www\Site-du-PEC\htdocs\system\Database\BaseConnection.php(652): CodeIgniter\Database\BaseConnection->simpleQuery('SELECT `lienDec...')
#3 C:\xampp\htdocs\www\Site-du-PEC\htdocs\system\Database\BaseBuilder.php(1649): CodeIgniter\Database\BaseConnection->query('SELECT `lienDec...', Array, false)
#4 C:\xampp\htdocs\www\Site-du-PEC\htdocs\app\Models\Public\Donnees.php(119): CodeIgniter\Database\BaseBuilder->get()
#5 C:\xampp\htdocs\www\Site-du-PEC\htdocs\app\Controllers\Public\Home.php(87): App\Models\Public\Donnees->getLiensAutres()
#6 C:\xampp\htdocs\www\Site-du-PEC\htdocs\system\CodeIgniter.php(933): App\Controllers\Public\Home->boutique()
#7 C:\xampp\htdocs\www\Site-du-PEC\htdocs\system\CodeIgniter.php(507): CodeIgniter\CodeIgniter->runController(Object(App\Controllers\Public\Home))
#8 C:\xampp\htdocs\www\Site-du-PEC\htdocs\system\CodeIgniter.php(354): CodeIgniter\CodeIgniter->handleRequest(NULL, Object(Config\Cache), false)
#9 C:\xampp\htdocs\www\Site-du-PEC\htdocs\system\Boot.php(334): CodeIgniter\CodeIgniter->run()
#10 C:\xampp\htdocs\www\Site-du-PEC\htdocs\system\Boot.php(67): CodeIgniter\Boot::runCodeIgniter(Object(CodeIgniter\CodeIgniter))
#11 C:\xampp\htdocs\www\Site-du-PEC\htdocs\public\index.php(69): CodeIgniter\Boot::bootWeb(Object(Config\Paths))
#12 {main}
CRITICAL - 2026-02-03 12:29:22 --> CodeIgniter\Database\Exceptions\DatabaseException: Unknown column 'lienDectPro' in 'field list'
[Method: GET, Route: boutique]
in SYSTEMPATH\Database\BaseConnection.php on line 692.
 1 SYSTEMPATH\Database\BaseBuilder.php(1649): CodeIgniter\Database\BaseConnection->query('SELECT `lienDectPro`
FROM `general`', [], false)
 2 APPPATH\Models\Public\Donnees.php(119): CodeIgniter\Database\BaseBuilder->get()
 3 APPPATH\Controllers\Public\Home.php(87): App\Models\Public\Donnees->getLiensAutres()
 4 SYSTEMPATH\CodeIgniter.php(933): App\Controllers\Public\Home->boutique()
 5 SYSTEMPATH\CodeIgniter.php(507): CodeIgniter\CodeIgniter->runController(Object(App\Controllers\Public\Home))
 6 SYSTEMPATH\CodeIgniter.php(354): CodeIgniter\CodeIgniter->handleRequest(null, Object(Config\Cache), false)
 7 SYSTEMPATH\Boot.php(334): CodeIgniter\CodeIgniter->run()
 8 SYSTEMPATH\Boot.php(67): CodeIgniter\Boot::runCodeIgniter(Object(CodeIgniter\CodeIgniter))
 9 FCPATH\index.php(69): CodeIgniter\Boot::bootWeb(Object(Config\Paths))
CRITICAL - 2026-02-03 12:29:22 --> [Caused by] CodeIgniter\Database\Exceptions\DatabaseException: Unknown column 'lienDectPro' in 'field list'
in SYSTEMPATH\Database\MySQLi\Connection.php on line 332.
 1 SYSTEMPATH\Database\BaseConnection.php(738): CodeIgniter\Database\MySQLi\Connection->execute('SELECT `lienDectPro`
FROM `general`')
 2 SYSTEMPATH\Database\BaseConnection.php(652): CodeIgniter\Database\BaseConnection->simpleQuery('SELECT `lienDectPro`
FROM `general`')
 3 SYSTEMPATH\Database\BaseBuilder.php(1649): CodeIgniter\Database\BaseConnection->query('SELECT `lienDectPro`
FROM `general`', [], false)
 4 APPPATH\Models\Public\Donnees.php(119): CodeIgniter\Database\BaseBuilder->get()
 5 APPPATH\Controllers\Public\Home.php(87): App\Models\Public\Donnees->getLiensAutres()
 6 SYSTEMPATH\CodeIgniter.php(933): App\Controllers\Public\Home->boutique()
 7 SYSTEMPATH\CodeIgniter.php(507): CodeIgniter\CodeIgniter->runController(Object(App\Controllers\Public\Home))
 8 SYSTEMPATH\CodeIgniter.php(354): CodeIgniter\CodeIgniter->handleRequest(null, Object(Config\Cache), false)
 9 SYSTEMPATH\Boot.php(334): CodeIgniter\CodeIgniter->run()
10 SYSTEMPATH\Boot.php(67): CodeIgniter\Boot::runCodeIgniter(Object(CodeIgniter\CodeIgniter))
11 FCPATH\index.php(69): CodeIgniter\Boot::bootWeb(Object(Config\Paths))
CRITICAL - 2026-02-03 12:29:22 --> [Caused by] mysqli_sql_exception: Unknown column 'lienDectPro' in 'field list'
in SYSTEMPATH\Database\MySQLi\Connection.php on line 327.
 1 SYSTEMPATH\Database\MySQLi\Connection.php(327): mysqli->query('SELECT `lienDectPro`
FROM `general`', 0)
 2 SYSTEMPATH\Database\BaseConnection.php(738): CodeIgniter\Database\MySQLi\Connection->execute('SELECT `lienDectPro`
FROM `general`')
 3 SYSTEMPATH\Database\BaseConnection.php(652): CodeIgniter\Database\BaseConnection->simpleQuery('SELECT `lienDectPro`
FROM `general`')
 4 SYSTEMPATH\Database\BaseBuilder.php(1649): CodeIgniter\Database\BaseConnection->query('SELECT `lienDectPro`
FROM `general`', [], false)
 5 APPPATH\Models\Public\Donnees.php(119): CodeIgniter\Database\BaseBuilder->get()
 6 APPPATH\Controllers\Public\Home.php(87): App\Models\Public\Donnees->getLiensAutres()
 7 SYSTEMPATH\CodeIgniter.php(933): App\Controllers\Public\Home->boutique()
 8 SYSTEMPATH\CodeIgniter.php(507): CodeIgniter\CodeIgniter->runController(Object(App\Controllers\Public\Home))
 9 SYSTEMPATH\CodeIgniter.php(354): CodeIgniter\CodeIgniter->handleRequest(null, Object(Config\Cache), false)
10 SYSTEMPATH\Boot.php(334): CodeIgniter\CodeIgniter->run()
11 SYSTEMPATH\Boot.php(67): CodeIgniter\Boot::runCodeIgniter(Object(CodeIgniter\CodeIgniter))
12 FCPATH\index.php(69): CodeIgniter\Boot::bootWeb(Object(Config\Paths))
DEBUG - 2026-02-03 12:30:34 --> Session: Class initialized using 'CodeIgniter\Session\Handlers\FileHandler' driver.
DEBUG - 2026-02-03 12:31:02 --> Session: Class initialized using 'CodeIgniter\Session\Handlers\FileHandler' driver.
DEBUG - 2026-02-03 12:31:10 --> Session: Class initialized using 'CodeIgniter\Session\Handlers\FileHandler' driver.
DEBUG - 2026-02-03 12:31:10 --> Session: Class initialized using 'CodeIgniter\Session\Handlers\FileHandler' driver.
DEBUG - 2026-02-03 12:31:17 --> Session: Class initialized using 'CodeIgniter\Session\Handlers\FileHandler' driver.
DEBUG - 2026-02-03 12:34:45 --> Session: Class initialized using 'CodeIgniter\Session\Handlers\FileHandler' driver.
DEBUG - 2026-02-03 12:35:06 --> Session: Class initialized using 'CodeIgniter\Session\Handlers\FileHandler' driver.
DEBUG - 2026-02-03 12:35:13 --> Session: Class initialized using 'CodeIgniter\Session\Handlers\FileHandler' driver.
DEBUG - 2026-02-03 12:35:16 --> Session: Class initialized using 'CodeIgniter\Session\Handlers\FileHandler' driver.
DEBUG - 2026-02-03 12:35:36 --> Session: Class initialized using 'CodeIgniter\Session\Handlers\FileHandler' driver.
DEBUG - 2026-02-03 12:35:37 --> Session: Class initialized using 'CodeIgniter\Session\Handlers\FileHandler' driver.
DEBUG - 2026-02-03 12:36:42 --> Session: Class initialized using 'CodeIgniter\Session\Handlers\FileHandler' driver.
DEBUG - 2026-02-03 12:36:46 --> Session: Class initialized using 'CodeIgniter\Session\Handlers\FileHandler' driver.
DEBUG - 2026-02-03 12:37:51 --> Session: Class initialized using 'CodeIgniter\Session\Handlers\FileHandler' driver.
DEBUG - 2026-02-03 12:40:01 --> Session: Class initialized using 'CodeIgniter\Session\Handlers\FileHandler' driver.
DEBUG - 2026-02-03 12:40:55 --> Session: Class initialized using 'CodeIgniter\Session\Handlers\FileHandler' driver.
DEBUG - 2026-02-03 12:41:52 --> Session: Class initialized using 'CodeIgniter\Session\Handlers\FileHandler' driver.
DEBUG - 2026-02-03 12:42:47 --> Session: Class initialized using 'CodeIgniter\Session\Handlers\FileHandler' driver.
DEBUG - 2026-02-03 12:43:18 --> Session: Class initialized using 'CodeIgniter\Session\Handlers\FileHandler' driver.
DEBUG - 2026-02-03 12:43:18 --> Session: Class initialized using 'CodeIgniter\Session\Handlers\FileHandler' driver.
DEBUG - 2026-02-03 12:43:24 --> Session: Class initialized using 'CodeIgniter\Session\Handlers\FileHandler' driver.
DEBUG - 2026-02-03 12:43:25 --> Session: Class initialized using 'CodeIgniter\Session\Handlers\FileHandler' driver.
DEBUG - 2026-02-03 12:43:27 --> Session: Class initialized using 'CodeIgniter\Session\Handlers\FileHandler' driver.
DEBUG - 2026-02-03 12:43:28 --> Session: Class initialized using 'CodeIgniter\Session\Handlers\FileHandler' driver.
DEBUG - 2026-02-03 12:43:29 --> Session: Class initialized using 'CodeIgniter\Session\Handlers\FileHandler' driver.
DEBUG - 2026-02-03 12:43:32 --> Session: Class initialized using 'CodeIgniter\Session\Handlers\FileHandler' driver.
DEBUG - 2026-02-03 12:43:39 --> Session: Class initialized using 'CodeIgniter\Session\Handlers\FileHandler' driver.
DEBUG - 2026-02-03 12:44:21 --> Session: Class initialized using 'CodeIgniter\Session\Handlers\FileHandler' driver.
DEBUG - 2026-02-03 12:45:39 --> Session: Class initialized using 'CodeIgniter\Session\Handlers\FileHandler' driver.
DEBUG - 2026-02-03 12:47:35 --> Session: Class initialized using 'CodeIgniter\Session\Handlers\FileHandler' driver.
DEBUG - 2026-02-03 12:50:28 --> Session: Class initialized using 'CodeIgniter\Session\Handlers\FileHandler' driver.
CRITICAL - 2026-02-03 12:50:28 --> ErrorException: Undefined variable $path
[Method: GET, Route: admin/contact]
in APPPATH\Views\Admin\v_dashboard.php on line 7.
 1 APPPATH\Views\Admin\v_dashboard.php(7): CodeIgniter\Debug\Exceptions->errorHandler(2, 'Undefined variable $path', 'C:\\xampp\\htdocs\\www\\Site-du-PEC\\htdocs\\app\\Views\\Admin\\v_dashboard.php', 7)
 2 SYSTEMPATH\View\View.php(224): include('C:\\xampp\\htdocs\\www\\Site-du-PEC\\htdocs\\app\\Views\\Admin\\v_dashboard.php')
 3 SYSTEMPATH\View\View.php(227): CodeIgniter\View\View->CodeIgniter\View\{closure}()
 4 SYSTEMPATH\Common.php(1173): CodeIgniter\View\View->render('Admin/v_dashboard', [], true)
 5 APPPATH\Controllers\Admin\Dashboard.php(57): view('Admin/v_dashboard', [...])
 6 SYSTEMPATH\CodeIgniter.php(933): App\Controllers\Admin\Dashboard->contact()
 7 SYSTEMPATH\CodeIgniter.php(507): CodeIgniter\CodeIgniter->runController(Object(App\Controllers\Admin\Dashboard))
 8 SYSTEMPATH\CodeIgniter.php(354): CodeIgniter\CodeIgniter->handleRequest(null, Object(Config\Cache), false)
 9 SYSTEMPATH\Boot.php(334): CodeIgniter\CodeIgniter->run()
10 SYSTEMPATH\Boot.php(67): CodeIgniter\Boot::runCodeIgniter(Object(CodeIgniter\CodeIgniter))
11 FCPATH\index.php(69): CodeIgniter\Boot::bootWeb(Object(Config\Paths))
DEBUG - 2026-02-03 12:50:56 --> Session: Class initialized using 'CodeIgniter\Session\Handlers\FileHandler' driver.
CRITICAL - 2026-02-03 12:50:56 --> ErrorException: Undefined array key "path"
[Method: GET, Route: admin/contact]
in APPPATH\Views\Admin\v_dashboard.php on line 7.
 1 APPPATH\Views\Admin\v_dashboard.php(7): CodeIgniter\Debug\Exceptions->errorHandler(2, 'Undefined array key "path"', 'C:\\xampp\\htdocs\\www\\Site-du-PEC\\htdocs\\app\\Views\\Admin\\v_dashboard.php', 7)
 2 SYSTEMPATH\View\View.php(224): include('C:\\xampp\\htdocs\\www\\Site-du-PEC\\htdocs\\app\\Views\\Admin\\v_dashboard.php')
 3 SYSTEMPATH\View\View.php(227): CodeIgniter\View\View->CodeIgniter\View\{closure}()
 4 SYSTEMPATH\Common.php(1173): CodeIgniter\View\View->render('Admin/v_dashboard', [], true)
 5 APPPATH\Controllers\Admin\Dashboard.php(57): view('Admin/v_dashboard', [...])
 6 SYSTEMPATH\CodeIgniter.php(933): App\Controllers\Admin\Dashboard->contact()
 7 SYSTEMPATH\CodeIgniter.php(507): CodeIgniter\CodeIgniter->runController(Object(App\Controllers\Admin\Dashboard))
 8 SYSTEMPATH\CodeIgniter.php(354): CodeIgniter\CodeIgniter->handleRequest(null, Object(Config\Cache), false)
 9 SYSTEMPATH\Boot.php(334): CodeIgniter\CodeIgniter->run()
10 SYSTEMPATH\Boot.php(67): CodeIgniter\Boot::runCodeIgniter(Object(CodeIgniter\CodeIgniter))
11 FCPATH\index.php(69): CodeIgniter\Boot::bootWeb(Object(Config\Paths))
DEBUG - 2026-02-03 12:51:07 --> Session: Class initialized using 'CodeIgniter\Session\Handlers\FileHandler' driver.
CRITICAL - 2026-02-03 12:51:07 --> ErrorException: Undefined array key "path"
[Method: GET, Route: admin/contact]
in APPPATH\Views\Admin\v_dashboard.php on line 7.
 1 APPPATH\Views\Admin\v_dashboard.php(7): CodeIgniter\Debug\Exceptions->errorHandler(2, 'Undefined array key "path"', 'C:\\xampp\\htdocs\\www\\Site-du-PEC\\htdocs\\app\\Views\\Admin\\v_dashboard.php', 7)
 2 SYSTEMPATH\View\View.php(224): include('C:\\xampp\\htdocs\\www\\Site-du-PEC\\htdocs\\app\\Views\\Admin\\v_dashboard.php')
 3 SYSTEMPATH\View\View.php(227): CodeIgniter\View\View->CodeIgniter\View\{closure}()
 4 SYSTEMPATH\Common.php(1173): CodeIgniter\View\View->render('Admin/v_dashboard', [], true)
 5 APPPATH\Controllers\Admin\Dashboard.php(57): view('Admin/v_dashboard', [...])
 6 SYSTEMPATH\CodeIgniter.php(933): App\Controllers\Admin\Dashboard->contact()
 7 SYSTEMPATH\CodeIgniter.php(507): CodeIgniter\CodeIgniter->runController(Object(App\Controllers\Admin\Dashboard))
 8 SYSTEMPATH\CodeIgniter.php(354): CodeIgniter\CodeIgniter->handleRequest(null, Object(Config\Cache), false)
 9 SYSTEMPATH\Boot.php(334): CodeIgniter\CodeIgniter->run()
10 SYSTEMPATH\Boot.php(67): CodeIgniter\Boot::runCodeIgniter(Object(CodeIgniter\CodeIgniter))
11 FCPATH\index.php(69): CodeIgniter\Boot::bootWeb(Object(Config\Paths))
DEBUG - 2026-02-03 12:51:08 --> Session: Class initialized using 'CodeIgniter\Session\Handlers\FileHandler' driver.
CRITICAL - 2026-02-03 12:51:08 --> ErrorException: Undefined array key "path"
[Method: GET, Route: admin/contact]
in APPPATH\Views\Admin\v_dashboard.php on line 7.
 1 APPPATH\Views\Admin\v_dashboard.php(7): CodeIgniter\Debug\Exceptions->errorHandler(2, 'Undefined array key "path"', 'C:\\xampp\\htdocs\\www\\Site-du-PEC\\htdocs\\app\\Views\\Admin\\v_dashboard.php', 7)
 2 SYSTEMPATH\View\View.php(224): include('C:\\xampp\\htdocs\\www\\Site-du-PEC\\htdocs\\app\\Views\\Admin\\v_dashboard.php')
 3 SYSTEMPATH\View\View.php(227): CodeIgniter\View\View->CodeIgniter\View\{closure}()
 4 SYSTEMPATH\Common.php(1173): CodeIgniter\View\View->render('Admin/v_dashboard', [], true)
 5 APPPATH\Controllers\Admin\Dashboard.php(57): view('Admin/v_dashboard', [...])
 6 SYSTEMPATH\CodeIgniter.php(933): App\Controllers\Admin\Dashboard->contact()
 7 SYSTEMPATH\CodeIgniter.php(507): CodeIgniter\CodeIgniter->runController(Object(App\Controllers\Admin\Dashboard))
 8 SYSTEMPATH\CodeIgniter.php(354): CodeIgniter\CodeIgniter->handleRequest(null, Object(Config\Cache), false)
 9 SYSTEMPATH\Boot.php(334): CodeIgniter\CodeIgniter->run()
10 SYSTEMPATH\Boot.php(67): CodeIgniter\Boot::runCodeIgniter(Object(CodeIgniter\CodeIgniter))
11 FCPATH\index.php(69): CodeIgniter\Boot::bootWeb(Object(Config\Paths))
DEBUG - 2026-02-03 12:51:27 --> Session: Class initialized using 'CodeIgniter\Session\Handlers\FileHandler' driver.
CRITICAL - 2026-02-03 12:51:27 --> ErrorException: Undefined variable $path
[Method: GET, Route: admin/contact]
in APPPATH\Views\Admin\v_dashboard.php on line 7.
 1 APPPATH\Views\Admin\v_dashboard.php(7): CodeIgniter\Debug\Exceptions->errorHandler(2, 'Undefined variable $path', 'C:\\xampp\\htdocs\\www\\Site-du-PEC\\htdocs\\app\\Views\\Admin\\v_dashboard.php', 7)
 2 SYSTEMPATH\View\View.php(224): include('C:\\xampp\\htdocs\\www\\Site-du-PEC\\htdocs\\app\\Views\\Admin\\v_dashboard.php')
 3 SYSTEMPATH\View\View.php(227): CodeIgniter\View\View->CodeIgniter\View\{closure}()
 4 SYSTEMPATH\Common.php(1173): CodeIgniter\View\View->render('Admin/v_dashboard', [], true)
 5 APPPATH\Controllers\Admin\Dashboard.php(57): view('Admin/v_dashboard', [...])
 6 SYSTEMPATH\CodeIgniter.php(933): App\Controllers\Admin\Dashboard->contact()
 7 SYSTEMPATH\CodeIgniter.php(507): CodeIgniter\CodeIgniter->runController(Object(App\Controllers\Admin\Dashboard))
 8 SYSTEMPATH\CodeIgniter.php(354): CodeIgniter\CodeIgniter->handleRequest(null, Object(Config\Cache), false)
 9 SYSTEMPATH\Boot.php(334): CodeIgniter\CodeIgniter->run()
10 SYSTEMPATH\Boot.php(67): CodeIgniter\Boot::runCodeIgniter(Object(CodeIgniter\CodeIgniter))
11 FCPATH\index.php(69): CodeIgniter\Boot::bootWeb(Object(Config\Paths))
DEBUG - 2026-02-03 12:52:32 --> Session: Class initialized using 'CodeIgniter\Session\Handlers\FileHandler' driver.
CRITICAL - 2026-02-03 12:52:32 --> ErrorException: Undefined array key "path"
[Method: GET, Route: admin/contact]
in APPPATH\Views\Admin\v_dashboard.php on line 7.
 1 APPPATH\Views\Admin\v_dashboard.php(7): CodeIgniter\Debug\Exceptions->errorHandler(2, 'Undefined array key "path"', 'C:\\xampp\\htdocs\\www\\Site-du-PEC\\htdocs\\app\\Views\\Admin\\v_dashboard.php', 7)
 2 SYSTEMPATH\View\View.php(224): include('C:\\xampp\\htdocs\\www\\Site-du-PEC\\htdocs\\app\\Views\\Admin\\v_dashboard.php')
 3 SYSTEMPATH\View\View.php(227): CodeIgniter\View\View->CodeIgniter\View\{closure}()
 4 SYSTEMPATH\Common.php(1173): CodeIgniter\View\View->render('Admin/v_dashboard', [], true)
 5 APPPATH\Controllers\Admin\Dashboard.php(57): view('Admin/v_dashboard', [...])
 6 SYSTEMPATH\CodeIgniter.php(933): App\Controllers\Admin\Dashboard->contact()
 7 SYSTEMPATH\CodeIgniter.php(507): CodeIgniter\CodeIgniter->runController(Object(App\Controllers\Admin\Dashboard))
 8 SYSTEMPATH\CodeIgniter.php(354): CodeIgniter\CodeIgniter->handleRequest(null, Object(Config\Cache), false)
 9 SYSTEMPATH\Boot.php(334): CodeIgniter\CodeIgniter->run()
10 SYSTEMPATH\Boot.php(67): CodeIgniter\Boot::runCodeIgniter(Object(CodeIgniter\CodeIgniter))
11 FCPATH\index.php(69): CodeIgniter\Boot::bootWeb(Object(Config\Paths))
DEBUG - 2026-02-03 12:52:33 --> Session: Class initialized using 'CodeIgniter\Session\Handlers\FileHandler' driver.
CRITICAL - 2026-02-03 12:52:33 --> ErrorException: Undefined array key "path"
[Method: GET, Route: admin/contact]
in APPPATH\Views\Admin\v_dashboard.php on line 7.
 1 APPPATH\Views\Admin\v_dashboard.php(7): CodeIgniter\Debug\Exceptions->errorHandler(2, 'Undefined array key "path"', 'C:\\xampp\\htdocs\\www\\Site-du-PEC\\htdocs\\app\\Views\\Admin\\v_dashboard.php', 7)
 2 SYSTEMPATH\View\View.php(224): include('C:\\xampp\\htdocs\\www\\Site-du-PEC\\htdocs\\app\\Views\\Admin\\v_dashboard.php')
 3 SYSTEMPATH\View\View.php(227): CodeIgniter\View\View->CodeIgniter\View\{closure}()
 4 SYSTEMPATH\Common.php(1173): CodeIgniter\View\View->render('Admin/v_dashboard', [], true)
 5 APPPATH\Controllers\Admin\Dashboard.php(57): view('Admin/v_dashboard', [...])
 6 SYSTEMPATH\CodeIgniter.php(933): App\Controllers\Admin\Dashboard->contact()
 7 SYSTEMPATH\CodeIgniter.php(507): CodeIgniter\CodeIgniter->runController(Object(App\Controllers\Admin\Dashboard))
 8 SYSTEMPATH\CodeIgniter.php(354): CodeIgniter\CodeIgniter->handleRequest(null, Object(Config\Cache), false)
 9 SYSTEMPATH\Boot.php(334): CodeIgniter\CodeIgniter->run()
10 SYSTEMPATH\Boot.php(67): CodeIgniter\Boot::runCodeIgniter(Object(CodeIgniter\CodeIgniter))
11 FCPATH\index.php(69): CodeIgniter\Boot::bootWeb(Object(Config\Paths))
DEBUG - 2026-02-03 12:52:33 --> Session: Class initialized using 'CodeIgniter\Session\Handlers\FileHandler' driver.
CRITICAL - 2026-02-03 12:52:33 --> ErrorException: Undefined array key "path"
[Method: GET, Route: admin/contact]
in APPPATH\Views\Admin\v_dashboard.php on line 7.
 1 APPPATH\Views\Admin\v_dashboard.php(7): CodeIgniter\Debug\Exceptions->errorHandler(2, 'Undefined array key "path"', 'C:\\xampp\\htdocs\\www\\Site-du-PEC\\htdocs\\app\\Views\\Admin\\v_dashboard.php', 7)
 2 SYSTEMPATH\View\View.php(224): include('C:\\xampp\\htdocs\\www\\Site-du-PEC\\htdocs\\app\\Views\\Admin\\v_dashboard.php')
 3 SYSTEMPATH\View\View.php(227): CodeIgniter\View\View->CodeIgniter\View\{closure}()
 4 SYSTEMPATH\Common.php(1173): CodeIgniter\View\View->render('Admin/v_dashboard', [], true)
 5 APPPATH\Controllers\Admin\Dashboard.php(57): view('Admin/v_dashboard', [...])
 6 SYSTEMPATH\CodeIgniter.php(933): App\Controllers\Admin\Dashboard->contact()
 7 SYSTEMPATH\CodeIgniter.php(507): CodeIgniter\CodeIgniter->runController(Object(App\Controllers\Admin\Dashboard))
 8 SYSTEMPATH\CodeIgniter.php(354): CodeIgniter\CodeIgniter->handleRequest(null, Object(Config\Cache), false)
 9 SYSTEMPATH\Boot.php(334): CodeIgniter\CodeIgniter->run()
10 SYSTEMPATH\Boot.php(67): CodeIgniter\Boot::runCodeIgniter(Object(CodeIgniter\CodeIgniter))
11 FCPATH\index.php(69): CodeIgniter\Boot::bootWeb(Object(Config\Paths))
DEBUG - 2026-02-03 12:52:37 --> Session: Class initialized using 'CodeIgniter\Session\Handlers\FileHandler' driver.
CRITICAL - 2026-02-03 12:52:37 --> ErrorException: Undefined array key "path"
[Method: GET, Route: admin/contact]
in APPPATH\Views\Admin\v_dashboard.php on line 7.
 1 APPPATH\Views\Admin\v_dashboard.php(7): CodeIgniter\Debug\Exceptions->errorHandler(2, 'Undefined array key "path"', 'C:\\xampp\\htdocs\\www\\Site-du-PEC\\htdocs\\app\\Views\\Admin\\v_dashboard.php', 7)
 2 SYSTEMPATH\View\View.php(224): include('C:\\xampp\\htdocs\\www\\Site-du-PEC\\htdocs\\app\\Views\\Admin\\v_dashboard.php')
 3 SYSTEMPATH\View\View.php(227): CodeIgniter\View\View->CodeIgniter\View\{closure}()
 4 SYSTEMPATH\Common.php(1173): CodeIgniter\View\View->render('Admin/v_dashboard', [], true)
 5 APPPATH\Controllers\Admin\Dashboard.php(57): view('Admin/v_dashboard', [...])
 6 SYSTEMPATH\CodeIgniter.php(933): App\Controllers\Admin\Dashboard->contact()
 7 SYSTEMPATH\CodeIgniter.php(507): CodeIgniter\CodeIgniter->runController(Object(App\Controllers\Admin\Dashboard))
 8 SYSTEMPATH\CodeIgniter.php(354): CodeIgniter\CodeIgniter->handleRequest(null, Object(Config\Cache), false)
 9 SYSTEMPATH\Boot.php(334): CodeIgniter\CodeIgniter->run()
10 SYSTEMPATH\Boot.php(67): CodeIgniter\Boot::runCodeIgniter(Object(CodeIgniter\CodeIgniter))
11 FCPATH\index.php(69): CodeIgniter\Boot::bootWeb(Object(Config\Paths))
DEBUG - 2026-02-03 12:52:58 --> Session: Class initialized using 'CodeIgniter\Session\Handlers\FileHandler' driver.
CRITICAL - 2026-02-03 12:52:58 --> ErrorException: Undefined array key "path"
[Method: GET, Route: admin/contact]
in APPPATH\Views\Admin\v_dashboard.php on line 8.
 1 APPPATH\Views\Admin\v_dashboard.php(8): CodeIgniter\Debug\Exceptions->errorHandler(2, 'Undefined array key "path"', 'C:\\xampp\\htdocs\\www\\Site-du-PEC\\htdocs\\app\\Views\\Admin\\v_dashboard.php', 8)
 2 SYSTEMPATH\View\View.php(224): include('C:\\xampp\\htdocs\\www\\Site-du-PEC\\htdocs\\app\\Views\\Admin\\v_dashboard.php')
 3 SYSTEMPATH\View\View.php(227): CodeIgniter\View\View->CodeIgniter\View\{closure}()
 4 SYSTEMPATH\Common.php(1173): CodeIgniter\View\View->render('Admin/v_dashboard', [], true)
 5 APPPATH\Controllers\Admin\Dashboard.php(57): view('Admin/v_dashboard', [...])
 6 SYSTEMPATH\CodeIgniter.php(933): App\Controllers\Admin\Dashboard->contact()
 7 SYSTEMPATH\CodeIgniter.php(507): CodeIgniter\CodeIgniter->runController(Object(App\Controllers\Admin\Dashboard))
 8 SYSTEMPATH\CodeIgniter.php(354): CodeIgniter\CodeIgniter->handleRequest(null, Object(Config\Cache), false)
 9 SYSTEMPATH\Boot.php(334): CodeIgniter\CodeIgniter->run()
10 SYSTEMPATH\Boot.php(67): CodeIgniter\Boot::runCodeIgniter(Object(CodeIgniter\CodeIgniter))
11 FCPATH\index.php(69): CodeIgniter\Boot::bootWeb(Object(Config\Paths))
DEBUG - 2026-02-03 12:53:02 --> Session: Class initialized using 'CodeIgniter\Session\Handlers\FileHandler' driver.
CRITICAL - 2026-02-03 12:53:02 --> ErrorException: Undefined array key "path"
[Method: GET, Route: admin/contact]
in APPPATH\Views\Admin\v_dashboard.php on line 8.
 1 APPPATH\Views\Admin\v_dashboard.php(8): CodeIgniter\Debug\Exceptions->errorHandler(2, 'Undefined array key "path"', 'C:\\xampp\\htdocs\\www\\Site-du-PEC\\htdocs\\app\\Views\\Admin\\v_dashboard.php', 8)
 2 SYSTEMPATH\View\View.php(224): include('C:\\xampp\\htdocs\\www\\Site-du-PEC\\htdocs\\app\\Views\\Admin\\v_dashboard.php')
 3 SYSTEMPATH\View\View.php(227): CodeIgniter\View\View->CodeIgniter\View\{closure}()
 4 SYSTEMPATH\Common.php(1173): CodeIgniter\View\View->render('Admin/v_dashboard', [], true)
 5 APPPATH\Controllers\Admin\Dashboard.php(57): view('Admin/v_dashboard', [...])
 6 SYSTEMPATH\CodeIgniter.php(933): App\Controllers\Admin\Dashboard->contact()
 7 SYSTEMPATH\CodeIgniter.php(507): CodeIgniter\CodeIgniter->runController(Object(App\Controllers\Admin\Dashboard))
 8 SYSTEMPATH\CodeIgniter.php(354): CodeIgniter\CodeIgniter->handleRequest(null, Object(Config\Cache), false)
 9 SYSTEMPATH\Boot.php(334): CodeIgniter\CodeIgniter->run()
10 SYSTEMPATH\Boot.php(67): CodeIgniter\Boot::runCodeIgniter(Object(CodeIgniter\CodeIgniter))
11 FCPATH\index.php(69): CodeIgniter\Boot::bootWeb(Object(Config\Paths))
DEBUG - 2026-02-03 12:53:18 --> Session: Class initialized using 'CodeIgniter\Session\Handlers\FileHandler' driver.
CRITICAL - 2026-02-03 12:53:18 --> ErrorException: Array to string conversion
[Method: GET, Route: admin/contact]
in APPPATH\Views\Admin\v_dashboard.php on line 8.
 1 APPPATH\Views\Admin\v_dashboard.php(8): CodeIgniter\Debug\Exceptions->errorHandler(2, 'Array to string conversion', 'C:\\xampp\\htdocs\\www\\Site-du-PEC\\htdocs\\app\\Views\\Admin\\v_dashboard.php', 8)
 2 SYSTEMPATH\View\View.php(224): include('C:\\xampp\\htdocs\\www\\Site-du-PEC\\htdocs\\app\\Views\\Admin\\v_dashboard.php')
 3 SYSTEMPATH\View\View.php(227): CodeIgniter\View\View->CodeIgniter\View\{closure}()
 4 SYSTEMPATH\Common.php(1173): CodeIgniter\View\View->render('Admin/v_dashboard', [], true)
 5 APPPATH\Controllers\Admin\Dashboard.php(57): view('Admin/v_dashboard', [...])
 6 SYSTEMPATH\CodeIgniter.php(933): App\Controllers\Admin\Dashboard->contact()
 7 SYSTEMPATH\CodeIgniter.php(507): CodeIgniter\CodeIgniter->runController(Object(App\Controllers\Admin\Dashboard))
 8 SYSTEMPATH\CodeIgniter.php(354): CodeIgniter\CodeIgniter->handleRequest(null, Object(Config\Cache), false)
 9 SYSTEMPATH\Boot.php(334): CodeIgniter\CodeIgniter->run()
10 SYSTEMPATH\Boot.php(67): CodeIgniter\Boot::runCodeIgniter(Object(CodeIgniter\CodeIgniter))
11 FCPATH\index.php(69): CodeIgniter\Boot::bootWeb(Object(Config\Paths))
DEBUG - 2026-02-03 12:53:19 --> Session: Class initialized using 'CodeIgniter\Session\Handlers\FileHandler' driver.
CRITICAL - 2026-02-03 12:53:19 --> ErrorException: Array to string conversion
[Method: GET, Route: admin/contact]
in APPPATH\Views\Admin\v_dashboard.php on line 8.
 1 APPPATH\Views\Admin\v_dashboard.php(8): CodeIgniter\Debug\Exceptions->errorHandler(2, 'Array to string conversion', 'C:\\xampp\\htdocs\\www\\Site-du-PEC\\htdocs\\app\\Views\\Admin\\v_dashboard.php', 8)
 2 SYSTEMPATH\View\View.php(224): include('C:\\xampp\\htdocs\\www\\Site-du-PEC\\htdocs\\app\\Views\\Admin\\v_dashboard.php')
 3 SYSTEMPATH\View\View.php(227): CodeIgniter\View\View->CodeIgniter\View\{closure}()
 4 SYSTEMPATH\Common.php(1173): CodeIgniter\View\View->render('Admin/v_dashboard', [], true)
 5 APPPATH\Controllers\Admin\Dashboard.php(57): view('Admin/v_dashboard', [...])
 6 SYSTEMPATH\CodeIgniter.php(933): App\Controllers\Admin\Dashboard->contact()
 7 SYSTEMPATH\CodeIgniter.php(507): CodeIgniter\CodeIgniter->runController(Object(App\Controllers\Admin\Dashboard))
 8 SYSTEMPATH\CodeIgniter.php(354): CodeIgniter\CodeIgniter->handleRequest(null, Object(Config\Cache), false)
 9 SYSTEMPATH\Boot.php(334): CodeIgniter\CodeIgniter->run()
10 SYSTEMPATH\Boot.php(67): CodeIgniter\Boot::runCodeIgniter(Object(CodeIgniter\CodeIgniter))
11 FCPATH\index.php(69): CodeIgniter\Boot::bootWeb(Object(Config\Paths))
DEBUG - 2026-02-03 12:53:35 --> Session: Class initialized using 'CodeIgniter\Session\Handlers\FileHandler' driver.
DEBUG - 2026-02-03 12:53:43 --> Session: Class initialized using 'CodeIgniter\Session\Handlers\FileHandler' driver.
CRITICAL - 2026-02-03 12:53:43 --> ErrorException: Undefined array key "path"
[Method: GET, Route: admin/contact]
in APPPATH\Views\Admin\v_dashboard.php on line 7.
 1 APPPATH\Views\Admin\v_dashboard.php(7): CodeIgniter\Debug\Exceptions->errorHandler(2, 'Undefined array key "path"', 'C:\\xampp\\htdocs\\www\\Site-du-PEC\\htdocs\\app\\Views\\Admin\\v_dashboard.php', 7)
 2 SYSTEMPATH\View\View.php(224): include('C:\\xampp\\htdocs\\www\\Site-du-PEC\\htdocs\\app\\Views\\Admin\\v_dashboard.php')
 3 SYSTEMPATH\View\View.php(227): CodeIgniter\View\View->CodeIgniter\View\{closure}()
 4 SYSTEMPATH\Common.php(1173): CodeIgniter\View\View->render('Admin/v_dashboard', [], true)
 5 APPPATH\Controllers\Admin\Dashboard.php(57): view('Admin/v_dashboard', [...])
 6 SYSTEMPATH\CodeIgniter.php(933): App\Controllers\Admin\Dashboard->contact()
 7 SYSTEMPATH\CodeIgniter.php(507): CodeIgniter\CodeIgniter->runController(Object(App\Controllers\Admin\Dashboard))
 8 SYSTEMPATH\CodeIgniter.php(354): CodeIgniter\CodeIgniter->handleRequest(null, Object(Config\Cache), false)
 9 SYSTEMPATH\Boot.php(334): CodeIgniter\CodeIgniter->run()
10 SYSTEMPATH\Boot.php(67): CodeIgniter\Boot::runCodeIgniter(Object(CodeIgniter\CodeIgniter))
11 FCPATH\index.php(69): CodeIgniter\Boot::bootWeb(Object(Config\Paths))
DEBUG - 2026-02-03 12:53:44 --> Session: Class initialized using 'CodeIgniter\Session\Handlers\FileHandler' driver.
CRITICAL - 2026-02-03 12:53:44 --> ErrorException: Undefined array key "path"
[Method: GET, Route: admin/contact]
in APPPATH\Views\Admin\v_dashboard.php on line 7.
 1 APPPATH\Views\Admin\v_dashboard.php(7): CodeIgniter\Debug\Exceptions->errorHandler(2, 'Undefined array key "path"', 'C:\\xampp\\htdocs\\www\\Site-du-PEC\\htdocs\\app\\Views\\Admin\\v_dashboard.php', 7)
 2 SYSTEMPATH\View\View.php(224): include('C:\\xampp\\htdocs\\www\\Site-du-PEC\\htdocs\\app\\Views\\Admin\\v_dashboard.php')
 3 SYSTEMPATH\View\View.php(227): CodeIgniter\View\View->CodeIgniter\View\{closure}()
 4 SYSTEMPATH\Common.php(1173): CodeIgniter\View\View->render('Admin/v_dashboard', [], true)
 5 APPPATH\Controllers\Admin\Dashboard.php(57): view('Admin/v_dashboard', [...])
 6 SYSTEMPATH\CodeIgniter.php(933): App\Controllers\Admin\Dashboard->contact()
 7 SYSTEMPATH\CodeIgniter.php(507): CodeIgniter\CodeIgniter->runController(Object(App\Controllers\Admin\Dashboard))
 8 SYSTEMPATH\CodeIgniter.php(354): CodeIgniter\CodeIgniter->handleRequest(null, Object(Config\Cache), false)
 9 SYSTEMPATH\Boot.php(334): CodeIgniter\CodeIgniter->run()
10 SYSTEMPATH\Boot.php(67): CodeIgniter\Boot::runCodeIgniter(Object(CodeIgniter\CodeIgniter))
11 FCPATH\index.php(69): CodeIgniter\Boot::bootWeb(Object(Config\Paths))
DEBUG - 2026-02-03 12:55:13 --> Session: Class initialized using 'CodeIgniter\Session\Handlers\FileHandler' driver.
CRITICAL - 2026-02-03 12:55:13 --> ErrorException: Undefined array key "path"
[Method: GET, Route: admin/contact]
in APPPATH\Views\Admin\v_dashboard.php on line 7.
 1 APPPATH\Views\Admin\v_dashboard.php(7): CodeIgniter\Debug\Exceptions->errorHandler(2, 'Undefined array key "path"', 'C:\\xampp\\htdocs\\www\\Site-du-PEC\\htdocs\\app\\Views\\Admin\\v_dashboard.php', 7)
 2 SYSTEMPATH\View\View.php(224): include('C:\\xampp\\htdocs\\www\\Site-du-PEC\\htdocs\\app\\Views\\Admin\\v_dashboard.php')
 3 SYSTEMPATH\View\View.php(227): CodeIgniter\View\View->CodeIgniter\View\{closure}()
 4 SYSTEMPATH\Common.php(1173): CodeIgniter\View\View->render('Admin/v_dashboard', [], true)
 5 APPPATH\Controllers\Admin\Dashboard.php(57): view('Admin/v_dashboard', [...])
 6 SYSTEMPATH\CodeIgniter.php(933): App\Controllers\Admin\Dashboard->contact()
 7 SYSTEMPATH\CodeIgniter.php(507): CodeIgniter\CodeIgniter->runController(Object(App\Controllers\Admin\Dashboard))
 8 SYSTEMPATH\CodeIgniter.php(354): CodeIgniter\CodeIgniter->handleRequest(null, Object(Config\Cache), false)
 9 SYSTEMPATH\Boot.php(334): CodeIgniter\CodeIgniter->run()
10 SYSTEMPATH\Boot.php(67): CodeIgniter\Boot::runCodeIgniter(Object(CodeIgniter\CodeIgniter))
11 FCPATH\index.php(69): CodeIgniter\Boot::bootWeb(Object(Config\Paths))
DEBUG - 2026-02-03 12:55:14 --> Session: Class initialized using 'CodeIgniter\Session\Handlers\FileHandler' driver.
CRITICAL - 2026-02-03 12:55:14 --> ErrorException: Undefined array key "path"
[Method: GET, Route: admin/contact]
in APPPATH\Views\Admin\v_dashboard.php on line 7.
 1 APPPATH\Views\Admin\v_dashboard.php(7): CodeIgniter\Debug\Exceptions->errorHandler(2, 'Undefined array key "path"', 'C:\\xampp\\htdocs\\www\\Site-du-PEC\\htdocs\\app\\Views\\Admin\\v_dashboard.php', 7)
 2 SYSTEMPATH\View\View.php(224): include('C:\\xampp\\htdocs\\www\\Site-du-PEC\\htdocs\\app\\Views\\Admin\\v_dashboard.php')
 3 SYSTEMPATH\View\View.php(227): CodeIgniter\View\View->CodeIgniter\View\{closure}()
 4 SYSTEMPATH\Common.php(1173): CodeIgniter\View\View->render('Admin/v_dashboard', [], true)
 5 APPPATH\Controllers\Admin\Dashboard.php(57): view('Admin/v_dashboard', [...])
 6 SYSTEMPATH\CodeIgniter.php(933): App\Controllers\Admin\Dashboard->contact()
 7 SYSTEMPATH\CodeIgniter.php(507): CodeIgniter\CodeIgniter->runController(Object(App\Controllers\Admin\Dashboard))
 8 SYSTEMPATH\CodeIgniter.php(354): CodeIgniter\CodeIgniter->handleRequest(null, Object(Config\Cache), false)
 9 SYSTEMPATH\Boot.php(334): CodeIgniter\CodeIgniter->run()
10 SYSTEMPATH\Boot.php(67): CodeIgniter\Boot::runCodeIgniter(Object(CodeIgniter\CodeIgniter))
11 FCPATH\index.php(69): CodeIgniter\Boot::bootWeb(Object(Config\Paths))
DEBUG - 2026-02-03 12:55:15 --> Session: Class initialized using 'CodeIgniter\Session\Handlers\FileHandler' driver.
CRITICAL - 2026-02-03 12:55:15 --> ErrorException: Undefined array key "path"
[Method: GET, Route: admin/contact]
in APPPATH\Views\Admin\v_dashboard.php on line 7.
 1 APPPATH\Views\Admin\v_dashboard.php(7): CodeIgniter\Debug\Exceptions->errorHandler(2, 'Undefined array key "path"', 'C:\\xampp\\htdocs\\www\\Site-du-PEC\\htdocs\\app\\Views\\Admin\\v_dashboard.php', 7)
 2 SYSTEMPATH\View\View.php(224): include('C:\\xampp\\htdocs\\www\\Site-du-PEC\\htdocs\\app\\Views\\Admin\\v_dashboard.php')
 3 SYSTEMPATH\View\View.php(227): CodeIgniter\View\View->CodeIgniter\View\{closure}()
 4 SYSTEMPATH\Common.php(1173): CodeIgniter\View\View->render('Admin/v_dashboard', [], true)
 5 APPPATH\Controllers\Admin\Dashboard.php(57): view('Admin/v_dashboard', [...])
 6 SYSTEMPATH\CodeIgniter.php(933): App\Controllers\Admin\Dashboard->contact()
 7 SYSTEMPATH\CodeIgniter.php(507): CodeIgniter\CodeIgniter->runController(Object(App\Controllers\Admin\Dashboard))
 8 SYSTEMPATH\CodeIgniter.php(354): CodeIgniter\CodeIgniter->handleRequest(null, Object(Config\Cache), false)
 9 SYSTEMPATH\Boot.php(334): CodeIgniter\CodeIgniter->run()
10 SYSTEMPATH\Boot.php(67): CodeIgniter\Boot::runCodeIgniter(Object(CodeIgniter\CodeIgniter))
11 FCPATH\index.php(69): CodeIgniter\Boot::bootWeb(Object(Config\Paths))
DEBUG - 2026-02-03 12:56:40 --> Session: Class initialized using 'CodeIgniter\Session\Handlers\FileHandler' driver.
CRITICAL - 2026-02-03 12:56:40 --> ErrorException: Undefined variable $path
[Method: GET, Route: admin/contact]
in APPPATH\Views\Admin\v_dashboard.php on line 7.
 1 APPPATH\Views\Admin\v_dashboard.php(7): CodeIgniter\Debug\Exceptions->errorHandler(2, 'Undefined variable $path', 'C:\\xampp\\htdocs\\www\\Site-du-PEC\\htdocs\\app\\Views\\Admin\\v_dashboard.php', 7)
 2 SYSTEMPATH\View\View.php(224): include('C:\\xampp\\htdocs\\www\\Site-du-PEC\\htdocs\\app\\Views\\Admin\\v_dashboard.php')
 3 SYSTEMPATH\View\View.php(227): CodeIgniter\View\View->CodeIgniter\View\{closure}()
 4 SYSTEMPATH\Common.php(1173): CodeIgniter\View\View->render('Admin/v_dashboard', [], true)
 5 APPPATH\Controllers\Admin\Dashboard.php(57): view('Admin/v_dashboard', [...])
 6 SYSTEMPATH\CodeIgniter.php(933): App\Controllers\Admin\Dashboard->contact()
 7 SYSTEMPATH\CodeIgniter.php(507): CodeIgniter\CodeIgniter->runController(Object(App\Controllers\Admin\Dashboard))
 8 SYSTEMPATH\CodeIgniter.php(354): CodeIgniter\CodeIgniter->handleRequest(null, Object(Config\Cache), false)
 9 SYSTEMPATH\Boot.php(334): CodeIgniter\CodeIgniter->run()
10 SYSTEMPATH\Boot.php(67): CodeIgniter\Boot::runCodeIgniter(Object(CodeIgniter\CodeIgniter))
11 FCPATH\index.php(69): CodeIgniter\Boot::bootWeb(Object(Config\Paths))
DEBUG - 2026-02-03 12:56:41 --> Session: Class initialized using 'CodeIgniter\Session\Handlers\FileHandler' driver.
CRITICAL - 2026-02-03 12:56:41 --> ErrorException: Undefined variable $path
[Method: GET, Route: admin/contact]
in APPPATH\Views\Admin\v_dashboard.php on line 7.
 1 APPPATH\Views\Admin\v_dashboard.php(7): CodeIgniter\Debug\Exceptions->errorHandler(2, 'Undefined variable $path', 'C:\\xampp\\htdocs\\www\\Site-du-PEC\\htdocs\\app\\Views\\Admin\\v_dashboard.php', 7)
 2 SYSTEMPATH\View\View.php(224): include('C:\\xampp\\htdocs\\www\\Site-du-PEC\\htdocs\\app\\Views\\Admin\\v_dashboard.php')
 3 SYSTEMPATH\View\View.php(227): CodeIgniter\View\View->CodeIgniter\View\{closure}()
 4 SYSTEMPATH\Common.php(1173): CodeIgniter\View\View->render('Admin/v_dashboard', [], true)
 5 APPPATH\Controllers\Admin\Dashboard.php(57): view('Admin/v_dashboard', [...])
 6 SYSTEMPATH\CodeIgniter.php(933): App\Controllers\Admin\Dashboard->contact()
 7 SYSTEMPATH\CodeIgniter.php(507): CodeIgniter\CodeIgniter->runController(Object(App\Controllers\Admin\Dashboard))
 8 SYSTEMPATH\CodeIgniter.php(354): CodeIgniter\CodeIgniter->handleRequest(null, Object(Config\Cache), false)
 9 SYSTEMPATH\Boot.php(334): CodeIgniter\CodeIgniter->run()
10 SYSTEMPATH\Boot.php(67): CodeIgniter\Boot::runCodeIgniter(Object(CodeIgniter\CodeIgniter))
11 FCPATH\index.php(69): CodeIgniter\Boot::bootWeb(Object(Config\Paths))
DEBUG - 2026-02-03 12:59:10 --> Session: Class initialized using 'CodeIgniter\Session\Handlers\FileHandler' driver.
DEBUG - 2026-02-03 13:00:52 --> Session: Class initialized using 'CodeIgniter\Session\Handlers\FileHandler' driver.
DEBUG - 2026-02-03 13:02:00 --> Session: Class initialized using 'CodeIgniter\Session\Handlers\FileHandler' driver.
DEBUG - 2026-02-03 13:02:43 --> Session: Class initialized using 'CodeIgniter\Session\Handlers\FileHandler' driver.
DEBUG - 2026-02-03 13:02:46 --> Session: Class initialized using 'CodeIgniter\Session\Handlers\FileHandler' driver.
DEBUG - 2026-02-03 13:02:52 --> Session: Class initialized using 'CodeIgniter\Session\Handlers\FileHandler' driver.
DEBUG - 2026-02-03 13:03:50 --> Session: Class initialized using 'CodeIgniter\Session\Handlers\FileHandler' driver.
DEBUG - 2026-02-03 13:03:51 --> Session: Class initialized using 'CodeIgniter\Session\Handlers\FileHandler' driver.
DEBUG - 2026-02-03 13:06:05 --> Session: Class initialized using 'CodeIgniter\Session\Handlers\FileHandler' driver.
CRITICAL - 2026-02-03 13:06:05 --> ErrorException: Undefined array key 1
[Method: GET, Route: admin/contact]
in APPPATH\Views\Admin\v_dashboard.php on line 30.
 1 APPPATH\Views\Admin\v_dashboard.php(30): CodeIgniter\Debug\Exceptions->errorHandler(2, 'Undefined array key 1', 'C:\\xampp\\htdocs\\www\\Site-du-PEC\\htdocs\\app\\Views\\Admin\\v_dashboard.php', 30)
 2 SYSTEMPATH\View\View.php(224): include('C:\\xampp\\htdocs\\www\\Site-du-PEC\\htdocs\\app\\Views\\Admin\\v_dashboard.php')
 3 SYSTEMPATH\View\View.php(227): CodeIgniter\View\View->CodeIgniter\View\{closure}()
 4 SYSTEMPATH\Common.php(1173): CodeIgniter\View\View->render('Admin/v_dashboard', [], true)
 5 APPPATH\Controllers\Admin\Dashboard.php(57): view('Admin/v_dashboard', [...])
 6 SYSTEMPATH\CodeIgniter.php(933): App\Controllers\Admin\Dashboard->contact()
 7 SYSTEMPATH\CodeIgniter.php(507): CodeIgniter\CodeIgniter->runController(Object(App\Controllers\Admin\Dashboard))
 8 SYSTEMPATH\CodeIgniter.php(354): CodeIgniter\CodeIgniter->handleRequest(null, Object(Config\Cache), false)
 9 SYSTEMPATH\Boot.php(334): CodeIgniter\CodeIgniter->run()
10 SYSTEMPATH\Boot.php(67): CodeIgniter\Boot::runCodeIgniter(Object(CodeIgniter\CodeIgniter))
11 FCPATH\index.php(69): CodeIgniter\Boot::bootWeb(Object(Config\Paths))
DEBUG - 2026-02-03 13:06:06 --> Session: Class initialized using 'CodeIgniter\Session\Handlers\FileHandler' driver.
CRITICAL - 2026-02-03 13:06:06 --> ErrorException: Undefined array key 1
[Method: GET, Route: admin/contact]
in APPPATH\Views\Admin\v_dashboard.php on line 30.
 1 APPPATH\Views\Admin\v_dashboard.php(30): CodeIgniter\Debug\Exceptions->errorHandler(2, 'Undefined array key 1', 'C:\\xampp\\htdocs\\www\\Site-du-PEC\\htdocs\\app\\Views\\Admin\\v_dashboard.php', 30)
 2 SYSTEMPATH\View\View.php(224): include('C:\\xampp\\htdocs\\www\\Site-du-PEC\\htdocs\\app\\Views\\Admin\\v_dashboard.php')
 3 SYSTEMPATH\View\View.php(227): CodeIgniter\View\View->CodeIgniter\View\{closure}()
 4 SYSTEMPATH\Common.php(1173): CodeIgniter\View\View->render('Admin/v_dashboard', [], true)
 5 APPPATH\Controllers\Admin\Dashboard.php(57): view('Admin/v_dashboard', [...])
 6 SYSTEMPATH\CodeIgniter.php(933): App\Controllers\Admin\Dashboard->contact()
 7 SYSTEMPATH\CodeIgniter.php(507): CodeIgniter\CodeIgniter->runController(Object(App\Controllers\Admin\Dashboard))
 8 SYSTEMPATH\CodeIgniter.php(354): CodeIgniter\CodeIgniter->handleRequest(null, Object(Config\Cache), false)
 9 SYSTEMPATH\Boot.php(334): CodeIgniter\CodeIgniter->run()
10 SYSTEMPATH\Boot.php(67): CodeIgniter\Boot::runCodeIgniter(Object(CodeIgniter\CodeIgniter))
11 FCPATH\index.php(69): CodeIgniter\Boot::bootWeb(Object(Config\Paths))
DEBUG - 2026-02-03 13:11:26 --> Session: Class initialized using 'CodeIgniter\Session\Handlers\FileHandler' driver.
DEBUG - 2026-02-03 13:11:30 --> Session: Class initialized using 'CodeIgniter\Session\Handlers\FileHandler' driver.
DEBUG - 2026-02-03 13:11:40 --> Session: Class initialized using 'CodeIgniter\Session\Handlers\FileHandler' driver.
DEBUG - 2026-02-03 13:12:02 --> Session: Class initialized using 'CodeIgniter\Session\Handlers\FileHandler' driver.
DEBUG - 2026-02-03 13:12:26 --> Session: Class initialized using 'CodeIgniter\Session\Handlers\FileHandler' driver.
DEBUG - 2026-02-03 13:12:30 --> Session: Class initialized using 'CodeIgniter\Session\Handlers\FileHandler' driver.
DEBUG - 2026-02-03 13:12:31 --> Session: Class initialized using 'CodeIgniter\Session\Handlers\FileHandler' driver.
DEBUG - 2026-02-03 13:12:32 --> Session: Class initialized using 'CodeIgniter\Session\Handlers\FileHandler' driver.
DEBUG - 2026-02-03 13:12:33 --> Session: Class initialized using 'CodeIgniter\Session\Handlers\FileHandler' driver.
DEBUG - 2026-02-03 13:12:36 --> Session: Class initialized using 'CodeIgniter\Session\Handlers\FileHandler' driver.
DEBUG - 2026-02-03 13:12:37 --> Session: Class initialized using 'CodeIgniter\Session\Handlers\FileHandler' driver.
DEBUG - 2026-02-03 13:12:38 --> Session: Class initialized using 'CodeIgniter\Session\Handlers\FileHandler' driver.
DEBUG - 2026-02-03 13:12:40 --> Session: Class initialized using 'CodeIgniter\Session\Handlers\FileHandler' driver.
DEBUG - 2026-02-03 13:12:46 --> Session: Class initialized using 'CodeIgniter\Session\Handlers\FileHandler' driver.
DEBUG - 2026-02-03 13:12:46 --> Session: Class initialized using 'CodeIgniter\Session\Handlers\FileHandler' driver.
DEBUG - 2026-02-03 13:12:50 --> Session: Class initialized using 'CodeIgniter\Session\Handlers\FileHandler' driver.
DEBUG - 2026-02-03 13:12:56 --> Session: Class initialized using 'CodeIgniter\Session\Handlers\FileHandler' driver.
DEBUG - 2026-02-03 13:12:57 --> Session: Class initialized using 'CodeIgniter\Session\Handlers\FileHandler' driver.
DEBUG - 2026-02-03 13:12:59 --> Session: Class initialized using 'CodeIgniter\Session\Handlers\FileHandler' driver.
DEBUG - 2026-02-03 13:13:00 --> Session: Class initialized using 'CodeIgniter\Session\Handlers\FileHandler' driver.
DEBUG - 2026-02-03 13:13:28 --> Session: Class initialized using 'CodeIgniter\Session\Handlers\FileHandler' driver.
ERROR - 2026-02-03 13:19:34 --> mysqli_sql_exception: Unknown column 'token' in 'utilisateurs' in C:\xampp\htdocs\www\Site-du-PEC\htdocs\system\Database\MySQLi\Connection.php:327
Stack trace:
#0 C:\xampp\htdocs\www\Site-du-PEC\htdocs\system\Database\MySQLi\Connection.php(327): mysqli->query('ALTER TABLE `ut...', 0)
#1 C:\xampp\htdocs\www\Site-du-PEC\htdocs\system\Database\BaseConnection.php(738): CodeIgniter\Database\MySQLi\Connection->execute('ALTER TABLE `ut...')
#2 C:\xampp\htdocs\www\Site-du-PEC\htdocs\system\Database\BaseConnection.php(652): CodeIgniter\Database\BaseConnection->simpleQuery('ALTER TABLE `ut...')
#3 C:\xampp\htdocs\www\Site-du-PEC\htdocs\system\Database\Forge.php(772): CodeIgniter\Database\BaseConnection->query('ALTER TABLE `ut...')
#4 C:\xampp\htdocs\www\Site-du-PEC\htdocs\app\Database\Migrations\2026-02-03-131858_AddRightsToUsers.php(12): CodeIgniter\Database\Forge->addColumn('utilisateurs', Array)
#5 C:\xampp\htdocs\www\Site-du-PEC\htdocs\system\Database\MigrationRunner.php(876): App\Database\Migrations\AddRightsToUsers->up()
#6 C:\xampp\htdocs\www\Site-du-PEC\htdocs\system\Database\MigrationRunner.php(182): CodeIgniter\Database\MigrationRunner->migrate('up', Object(stdClass))
#7 C:\xampp\htdocs\www\Site-du-PEC\htdocs\system\Commands\Database\Migrate.php(85): CodeIgniter\Database\MigrationRunner->latest(NULL)
#8 C:\xampp\htdocs\www\Site-du-PEC\htdocs\system\CLI\Commands.php(74): CodeIgniter\Commands\Database\Migrate->run(Array)
#9 C:\xampp\htdocs\www\Site-du-PEC\htdocs\system\CLI\BaseCommand.php(119): CodeIgniter\CLI\Commands->run('migrate', Array)
#10 C:\xampp\htdocs\www\Site-du-PEC\htdocs\system\Commands\Database\MigrateRefresh.php(87): CodeIgniter\CLI\BaseCommand->call('migrate', Array)
#11 C:\xampp\htdocs\www\Site-du-PEC\htdocs\system\CLI\Commands.php(74): CodeIgniter\Commands\Database\MigrateRefresh->run(Array)
#12 C:\xampp\htdocs\www\Site-du-PEC\htdocs\system\CLI\Console.php(47): CodeIgniter\CLI\Commands->run('migrate:refresh', Array)
#13 C:\xampp\htdocs\www\Site-du-PEC\htdocs\system\Boot.php(360): CodeIgniter\CLI\Console->run()
#14 C:\xampp\htdocs\www\Site-du-PEC\htdocs\system\Boot.php(104): CodeIgniter\Boot::runCommand(Object(CodeIgniter\CLI\Console))
#15 C:\xampp\htdocs\www\Site-du-PEC\htdocs\spark(87): CodeIgniter\Boot::bootSpark(Object(Config\Paths))
#16 {main}
ERROR - 2026-02-03 13:20:03 --> mysqli_sql_exception: Unknown column 'token' in 'utilisateurs' in C:\xampp\htdocs\www\Site-du-PEC\htdocs\system\Database\MySQLi\Connection.php:327
Stack trace:
#0 C:\xampp\htdocs\www\Site-du-PEC\htdocs\system\Database\MySQLi\Connection.php(327): mysqli->query('ALTER TABLE `ut...', 0)
#1 C:\xampp\htdocs\www\Site-du-PEC\htdocs\system\Database\BaseConnection.php(738): CodeIgniter\Database\MySQLi\Connection->execute('ALTER TABLE `ut...')
#2 C:\xampp\htdocs\www\Site-du-PEC\htdocs\system\Database\BaseConnection.php(652): CodeIgniter\Database\BaseConnection->simpleQuery('ALTER TABLE `ut...')
#3 C:\xampp\htdocs\www\Site-du-PEC\htdocs\system\Database\Forge.php(772): CodeIgniter\Database\BaseConnection->query('ALTER TABLE `ut...')
#4 C:\xampp\htdocs\www\Site-du-PEC\htdocs\app\Database\Migrations\2026-02-03-131858_AddRightsToUsers.php(12): CodeIgniter\Database\Forge->addColumn('utilisateurs', Array)
#5 C:\xampp\htdocs\www\Site-du-PEC\htdocs\system\Database\MigrationRunner.php(876): App\Database\Migrations\AddRightsToUsers->up()
#6 C:\xampp\htdocs\www\Site-du-PEC\htdocs\system\Database\MigrationRunner.php(182): CodeIgniter\Database\MigrationRunner->migrate('up', Object(stdClass))
#7 C:\xampp\htdocs\www\Site-du-PEC\htdocs\system\Commands\Database\Migrate.php(85): CodeIgniter\Database\MigrationRunner->latest(NULL)
#8 C:\xampp\htdocs\www\Site-du-PEC\htdocs\system\CLI\Commands.php(74): CodeIgniter\Commands\Database\Migrate->run(Array)
#9 C:\xampp\htdocs\www\Site-du-PEC\htdocs\system\CLI\Console.php(47): CodeIgniter\CLI\Commands->run('migrate', Array)
#10 C:\xampp\htdocs\www\Site-du-PEC\htdocs\system\Boot.php(360): CodeIgniter\CLI\Console->run()
#11 C:\xampp\htdocs\www\Site-du-PEC\htdocs\system\Boot.php(104): CodeIgniter\Boot::runCommand(Object(CodeIgniter\CLI\Console))
#12 C:\xampp\htdocs\www\Site-du-PEC\htdocs\spark(87): CodeIgniter\Boot::bootSpark(Object(Config\Paths))
#13 {main}
ERROR - 2026-02-03 13:22:53 --> mysqli_sql_exception: Unknown column 'token' in 'utilisateurs' in C:\xampp\htdocs\www\Site-du-PEC\htdocs\system\Database\MySQLi\Connection.php:327
Stack trace:
#0 C:\xampp\htdocs\www\Site-du-PEC\htdocs\system\Database\MySQLi\Connection.php(327): mysqli->query('ALTER TABLE `ut...', 0)
#1 C:\xampp\htdocs\www\Site-du-PEC\htdocs\system\Database\BaseConnection.php(738): CodeIgniter\Database\MySQLi\Connection->execute('ALTER TABLE `ut...')
#2 C:\xampp\htdocs\www\Site-du-PEC\htdocs\system\Database\BaseConnection.php(652): CodeIgniter\Database\BaseConnection->simpleQuery('ALTER TABLE `ut...')
#3 C:\xampp\htdocs\www\Site-du-PEC\htdocs\system\Database\Forge.php(772): CodeIgniter\Database\BaseConnection->query('ALTER TABLE `ut...')
#4 C:\xampp\htdocs\www\Site-du-PEC\htdocs\app\Database\Migrations\2026-02-03-131858_AddRightsToUsers.php(12): CodeIgniter\Database\Forge->addColumn('utilisateurs', Array)
#5 C:\xampp\htdocs\www\Site-du-PEC\htdocs\system\Database\MigrationRunner.php(876): App\Database\Migrations\AddRightsToUsers->up()
#6 C:\xampp\htdocs\www\Site-du-PEC\htdocs\system\Database\MigrationRunner.php(182): CodeIgniter\Database\MigrationRunner->migrate('up', Object(stdClass))
#7 C:\xampp\htdocs\www\Site-du-PEC\htdocs\system\Commands\Database\Migrate.php(85): CodeIgniter\Database\MigrationRunner->latest(NULL)
#8 C:\xampp\htdocs\www\Site-du-PEC\htdocs\system\CLI\Commands.php(74): CodeIgniter\Commands\Database\Migrate->run(Array)
#9 C:\xampp\htdocs\www\Site-du-PEC\htdocs\system\CLI\BaseCommand.php(119): CodeIgniter\CLI\Commands->run('migrate', Array)
#10 C:\xampp\htdocs\www\Site-du-PEC\htdocs\system\Commands\Database\MigrateRefresh.php(87): CodeIgniter\CLI\BaseCommand->call('migrate', Array)
#11 C:\xampp\htdocs\www\Site-du-PEC\htdocs\system\CLI\Commands.php(74): CodeIgniter\Commands\Database\MigrateRefresh->run(Array)
#12 C:\xampp\htdocs\www\Site-du-PEC\htdocs\system\CLI\Console.php(47): CodeIgniter\CLI\Commands->run('migrate:refresh', Array)
#13 C:\xampp\htdocs\www\Site-du-PEC\htdocs\system\Boot.php(360): CodeIgniter\CLI\Console->run()
#14 C:\xampp\htdocs\www\Site-du-PEC\htdocs\system\Boot.php(104): CodeIgniter\Boot::runCommand(Object(CodeIgniter\CLI\Console))
#15 C:\xampp\htdocs\www\Site-du-PEC\htdocs\spark(87): CodeIgniter\Boot::bootSpark(Object(Config\Paths))
#16 {main}
DEBUG - 2026-02-03 13:28:02 --> Session: Class initialized using 'CodeIgniter\Session\Handlers\FileHandler' driver.
CRITICAL - 2026-02-03 13:28:02 --> ErrorException: Undefined array key "lienDecatPro"
[Method: GET, Route: admin/general]
in APPPATH\Views\Admin\general\index.php on line 98.
 1 APPPATH\Views\Admin\general\index.php(98): CodeIgniter\Debug\Exceptions->errorHandler(2, 'Undefined array key "lienDecatPro"', 'C:\\xampp\\htdocs\\www\\Site-du-PEC\\htdocs\\app\\Views\\Admin\\general\\index.php', 98)
 2 SYSTEMPATH\View\View.php(224): include('C:\\xampp\\htdocs\\www\\Site-du-PEC\\htdocs\\app\\Views\\Admin\\general\\index.php')
 3 SYSTEMPATH\View\View.php(227): CodeIgniter\View\View->CodeIgniter\View\{closure}()
 4 SYSTEMPATH\Common.php(1173): CodeIgniter\View\View->render('Admin/general/index', [], true)
 5 APPPATH\Controllers\Admin\General.php(34): view('Admin/general/index', [...])
 6 SYSTEMPATH\CodeIgniter.php(933): App\Controllers\Admin\General->index()
 7 SYSTEMPATH\CodeIgniter.php(507): CodeIgniter\CodeIgniter->runController(Object(App\Controllers\Admin\General))
 8 SYSTEMPATH\CodeIgniter.php(354): CodeIgniter\CodeIgniter->handleRequest(null, Object(Config\Cache), false)
 9 SYSTEMPATH\Boot.php(334): CodeIgniter\CodeIgniter->run()
10 SYSTEMPATH\Boot.php(67): CodeIgniter\Boot::runCodeIgniter(Object(CodeIgniter\CodeIgniter))
11 FCPATH\index.php(69): CodeIgniter\Boot::bootWeb(Object(Config\Paths))
DEBUG - 2026-02-03 13:29:34 --> Session: Class initialized using 'CodeIgniter\Session\Handlers\FileHandler' driver.
CRITICAL - 2026-02-03 13:29:34 --> ErrorException: Undefined array key "lienDecatPro"
[Method: GET, Route: admin/general]
in APPPATH\Views\Admin\general\index.php on line 98.
 1 APPPATH\Views\Admin\general\index.php(98): CodeIgniter\Debug\Exceptions->errorHandler(2, 'Undefined array key "lienDecatPro"', 'C:\\xampp\\htdocs\\www\\Site-du-PEC\\htdocs\\app\\Views\\Admin\\general\\index.php', 98)
 2 SYSTEMPATH\View\View.php(224): include('C:\\xampp\\htdocs\\www\\Site-du-PEC\\htdocs\\app\\Views\\Admin\\general\\index.php')
 3 SYSTEMPATH\View\View.php(227): CodeIgniter\View\View->CodeIgniter\View\{closure}()
 4 SYSTEMPATH\Common.php(1173): CodeIgniter\View\View->render('Admin/general/index', [], true)
 5 APPPATH\Controllers\Admin\General.php(34): view('Admin/general/index', [...])
 6 SYSTEMPATH\CodeIgniter.php(933): App\Controllers\Admin\General->index()
 7 SYSTEMPATH\CodeIgniter.php(507): CodeIgniter\CodeIgniter->runController(Object(App\Controllers\Admin\General))
 8 SYSTEMPATH\CodeIgniter.php(354): CodeIgniter\CodeIgniter->handleRequest(null, Object(Config\Cache), false)
 9 SYSTEMPATH\Boot.php(334): CodeIgniter\CodeIgniter->run()
10 SYSTEMPATH\Boot.php(67): CodeIgniter\Boot::runCodeIgniter(Object(CodeIgniter\CodeIgniter))
11 FCPATH\index.php(69): CodeIgniter\Boot::bootWeb(Object(Config\Paths))
DEBUG - 2026-02-03 13:29:35 --> Session: Class initialized using 'CodeIgniter\Session\Handlers\FileHandler' driver.
CRITICAL - 2026-02-03 13:29:35 --> ErrorException: Undefined array key "lienDecatPro"
[Method: GET, Route: admin/general]
in APPPATH\Views\Admin\general\index.php on line 98.
 1 APPPATH\Views\Admin\general\index.php(98): CodeIgniter\Debug\Exceptions->errorHandler(2, 'Undefined array key "lienDecatPro"', 'C:\\xampp\\htdocs\\www\\Site-du-PEC\\htdocs\\app\\Views\\Admin\\general\\index.php', 98)
 2 SYSTEMPATH\View\View.php(224): include('C:\\xampp\\htdocs\\www\\Site-du-PEC\\htdocs\\app\\Views\\Admin\\general\\index.php')
 3 SYSTEMPATH\View\View.php(227): CodeIgniter\View\View->CodeIgniter\View\{closure}()
 4 SYSTEMPATH\Common.php(1173): CodeIgniter\View\View->render('Admin/general/index', [], true)
 5 APPPATH\Controllers\Admin\General.php(34): view('Admin/general/index', [...])
 6 SYSTEMPATH\CodeIgniter.php(933): App\Controllers\Admin\General->index()
 7 SYSTEMPATH\CodeIgniter.php(507): CodeIgniter\CodeIgniter->runController(Object(App\Controllers\Admin\General))
 8 SYSTEMPATH\CodeIgniter.php(354): CodeIgniter\CodeIgniter->handleRequest(null, Object(Config\Cache), false)
 9 SYSTEMPATH\Boot.php(334): CodeIgniter\CodeIgniter->run()
10 SYSTEMPATH\Boot.php(67): CodeIgniter\Boot::runCodeIgniter(Object(CodeIgniter\CodeIgniter))
11 FCPATH\index.php(69): CodeIgniter\Boot::bootWeb(Object(Config\Paths))
DEBUG - 2026-02-03 13:31:17 --> Session: Class initialized using 'CodeIgniter\Session\Handlers\FileHandler' driver.
DEBUG - 2026-02-03 13:31:21 --> Session: Class initialized using 'CodeIgniter\Session\Handlers\FileHandler' driver.
DEBUG - 2026-02-03 13:33:18 --> Session: Class initialized using 'CodeIgniter\Session\Handlers\FileHandler' driver.
CRITICAL - 2026-02-03 13:33:18 --> ErrorException: Trying to access array offset on value of type null
[Method: GET, Route: admin]
in APPPATH\Views\Admin\Layout\l_global.php on line 29.
 1 APPPATH\Views\Admin\Layout\l_global.php(29): CodeIgniter\Debug\Exceptions->errorHandler(2, 'Trying to access array offset on value of type null', 'C:\\xampp\\htdocs\\www\\Site-du-PEC\\htdocs\\app\\Views\\Admin\\Layout\\l_global.php', 29)
 2 SYSTEMPATH\View\View.php(224): include('C:\\xampp\\htdocs\\www\\Site-du-PEC\\htdocs\\app\\Views\\Admin\\Layout\\l_global.php')
 3 SYSTEMPATH\View\View.php(227): CodeIgniter\View\View->CodeIgniter\View\{closure}()
 4 SYSTEMPATH\View\View.php(240): CodeIgniter\View\View->render('Admin/Layout/l_global', [], true)
 5 SYSTEMPATH\Common.php(1173): CodeIgniter\View\View->render('Admin/v_dashboard', [], true)
 6 APPPATH\Controllers\Admin\Dashboard.php(31): view('Admin/v_dashboard', [...])
 7 SYSTEMPATH\CodeIgniter.php(933): App\Controllers\Admin\Dashboard->index()
 8 SYSTEMPATH\CodeIgniter.php(507): CodeIgniter\CodeIgniter->runController(Object(App\Controllers\Admin\Dashboard))
 9 SYSTEMPATH\CodeIgniter.php(354): CodeIgniter\CodeIgniter->handleRequest(null, Object(Config\Cache), false)
10 SYSTEMPATH\Boot.php(334): CodeIgniter\CodeIgniter->run()
11 SYSTEMPATH\Boot.php(67): CodeIgniter\Boot::runCodeIgniter(Object(CodeIgniter\CodeIgniter))
12 FCPATH\index.php(69): CodeIgniter\Boot::bootWeb(Object(Config\Paths))
CRITICAL - 2026-02-03 13:33:33 --> ErrorException: Trying to access array offset on value of type null
[Method: GET, Route: /]
in APPPATH\Controllers\Public\Home.php on line 37.
 1 APPPATH\Controllers\Public\Home.php(37): CodeIgniter\Debug\Exceptions->errorHandler(2, 'Trying to access array offset on value of type null', 'C:\\xampp\\htdocs\\www\\Site-du-PEC\\htdocs\\app\\Controllers\\Public\\Home.php', 37)
 2 APPPATH\Controllers\Public\Home.php(56): App\Controllers\Public\Home->_render('Public/v_accueil', [...])
 3 SYSTEMPATH\CodeIgniter.php(933): App\Controllers\Public\Home->index()
 4 SYSTEMPATH\CodeIgniter.php(507): CodeIgniter\CodeIgniter->runController(Object(App\Controllers\Public\Home))
 5 SYSTEMPATH\CodeIgniter.php(354): CodeIgniter\CodeIgniter->handleRequest(null, Object(Config\Cache), false)
 6 SYSTEMPATH\Boot.php(334): CodeIgniter\CodeIgniter->run()
 7 SYSTEMPATH\Boot.php(67): CodeIgniter\Boot::runCodeIgniter(Object(CodeIgniter\CodeIgniter))
 8 FCPATH\index.php(69): CodeIgniter\Boot::bootWeb(Object(Config\Paths))
CRITICAL - 2026-02-03 13:33:34 --> ErrorException: Trying to access array offset on value of type null
[Method: GET, Route: /]
in APPPATH\Controllers\Public\Home.php on line 37.
 1 APPPATH\Controllers\Public\Home.php(37): CodeIgniter\Debug\Exceptions->errorHandler(2, 'Trying to access array offset on value of type null', 'C:\\xampp\\htdocs\\www\\Site-du-PEC\\htdocs\\app\\Controllers\\Public\\Home.php', 37)
 2 APPPATH\Controllers\Public\Home.php(56): App\Controllers\Public\Home->_render('Public/v_accueil', [...])
 3 SYSTEMPATH\CodeIgniter.php(933): App\Controllers\Public\Home->index()
 4 SYSTEMPATH\CodeIgniter.php(507): CodeIgniter\CodeIgniter->runController(Object(App\Controllers\Public\Home))
 5 SYSTEMPATH\CodeIgniter.php(354): CodeIgniter\CodeIgniter->handleRequest(null, Object(Config\Cache), false)
 6 SYSTEMPATH\Boot.php(334): CodeIgniter\CodeIgniter->run()
 7 SYSTEMPATH\Boot.php(67): CodeIgniter\Boot::runCodeIgniter(Object(CodeIgniter\CodeIgniter))
 8 FCPATH\index.php(69): CodeIgniter\Boot::bootWeb(Object(Config\Paths))
CRITICAL - 2026-02-03 13:33:38 --> ErrorException: Trying to access array offset on value of type null
[Method: GET, Route: /]
in APPPATH\Controllers\Public\Home.php on line 37.
 1 APPPATH\Controllers\Public\Home.php(37): CodeIgniter\Debug\Exceptions->errorHandler(2, 'Trying to access array offset on value of type null', 'C:\\xampp\\htdocs\\www\\Site-du-PEC\\htdocs\\app\\Controllers\\Public\\Home.php', 37)
 2 APPPATH\Controllers\Public\Home.php(56): App\Controllers\Public\Home->_render('Public/v_accueil', [...])
 3 SYSTEMPATH\CodeIgniter.php(933): App\Controllers\Public\Home->index()
 4 SYSTEMPATH\CodeIgniter.php(507): CodeIgniter\CodeIgniter->runController(Object(App\Controllers\Public\Home))
 5 SYSTEMPATH\CodeIgniter.php(354): CodeIgniter\CodeIgniter->handleRequest(null, Object(Config\Cache), false)
 6 SYSTEMPATH\Boot.php(334): CodeIgniter\CodeIgniter->run()
 7 SYSTEMPATH\Boot.php(67): CodeIgniter\Boot::runCodeIgniter(Object(CodeIgniter\CodeIgniter))
 8 FCPATH\index.php(69): CodeIgniter\Boot::bootWeb(Object(Config\Paths))
CRITICAL - 2026-02-03 13:34:49 --> ErrorException: Trying to access array offset on value of type null
[Method: GET, Route: /]
in APPPATH\Controllers\Public\Home.php on line 37.
 1 APPPATH\Controllers\Public\Home.php(37): CodeIgniter\Debug\Exceptions->errorHandler(2, 'Trying to access array offset on value of type null', 'C:\\xampp\\htdocs\\www\\Site-du-PEC\\htdocs\\app\\Controllers\\Public\\Home.php', 37)
 2 APPPATH\Controllers\Public\Home.php(56): App\Controllers\Public\Home->_render('Public/v_accueil', [...])
 3 SYSTEMPATH\CodeIgniter.php(933): App\Controllers\Public\Home->index()
 4 SYSTEMPATH\CodeIgniter.php(507): CodeIgniter\CodeIgniter->runController(Object(App\Controllers\Public\Home))
 5 SYSTEMPATH\CodeIgniter.php(354): CodeIgniter\CodeIgniter->handleRequest(null, Object(Config\Cache), false)
 6 SYSTEMPATH\Boot.php(334): CodeIgniter\CodeIgniter->run()
 7 SYSTEMPATH\Boot.php(67): CodeIgniter\Boot::runCodeIgniter(Object(CodeIgniter\CodeIgniter))
 8 FCPATH\index.php(69): CodeIgniter\Boot::bootWeb(Object(Config\Paths))
CRITICAL - 2026-02-03 13:34:49 --> ErrorException: Trying to access array offset on value of type null
[Method: GET, Route: /]
in APPPATH\Controllers\Public\Home.php on line 37.
 1 APPPATH\Controllers\Public\Home.php(37): CodeIgniter\Debug\Exceptions->errorHandler(2, 'Trying to access array offset on value of type null', 'C:\\xampp\\htdocs\\www\\Site-du-PEC\\htdocs\\app\\Controllers\\Public\\Home.php', 37)
 2 APPPATH\Controllers\Public\Home.php(56): App\Controllers\Public\Home->_render('Public/v_accueil', [...])
 3 SYSTEMPATH\CodeIgniter.php(933): App\Controllers\Public\Home->index()
 4 SYSTEMPATH\CodeIgniter.php(507): CodeIgniter\CodeIgniter->runController(Object(App\Controllers\Public\Home))
 5 SYSTEMPATH\CodeIgniter.php(354): CodeIgniter\CodeIgniter->handleRequest(null, Object(Config\Cache), false)
 6 SYSTEMPATH\Boot.php(334): CodeIgniter\CodeIgniter->run()
 7 SYSTEMPATH\Boot.php(67): CodeIgniter\Boot::runCodeIgniter(Object(CodeIgniter\CodeIgniter))
 8 FCPATH\index.php(69): CodeIgniter\Boot::bootWeb(Object(Config\Paths))
CRITICAL - 2026-02-03 13:37:14 --> ErrorException: Trying to access array offset on value of type null
[Method: GET, Route: /]
in APPPATH\Views\Public\v_accueil.php on line 8.
 1 APPPATH\Views\Public\v_accueil.php(8): CodeIgniter\Debug\Exceptions->errorHandler(2, 'Trying to access array offset on value of type null', 'C:\\xampp\\htdocs\\www\\Site-du-PEC\\htdocs\\app\\Views\\Public\\v_accueil.php', 8)
 2 SYSTEMPATH\View\View.php(224): include('C:\\xampp\\htdocs\\www\\Site-du-PEC\\htdocs\\app\\Views\\Public\\v_accueil.php')
 3 SYSTEMPATH\View\View.php(227): CodeIgniter\View\View->CodeIgniter\View\{closure}()
 4 SYSTEMPATH\Common.php(1173): CodeIgniter\View\View->render('Public/v_accueil', [], true)
 5 APPPATH\Controllers\Public\Home.php(40): view('Public/v_accueil', [...])
 6 APPPATH\Controllers\Public\Home.php(56): App\Controllers\Public\Home->_render('Public/v_accueil', [...])
 7 SYSTEMPATH\CodeIgniter.php(933): App\Controllers\Public\Home->index()
 8 SYSTEMPATH\CodeIgniter.php(507): CodeIgniter\CodeIgniter->runController(Object(App\Controllers\Public\Home))
 9 SYSTEMPATH\CodeIgniter.php(354): CodeIgniter\CodeIgniter->handleRequest(null, Object(Config\Cache), false)
10 SYSTEMPATH\Boot.php(334): CodeIgniter\CodeIgniter->run()
11 SYSTEMPATH\Boot.php(67): CodeIgniter\Boot::runCodeIgniter(Object(CodeIgniter\CodeIgniter))
12 FCPATH\index.php(69): CodeIgniter\Boot::bootWeb(Object(Config\Paths))
CRITICAL - 2026-02-03 13:46:28 --> ErrorException: Trying to access array offset on value of type null
[Method: GET, Route: /]
in APPPATH\Controllers\Public\Home.php on line 37.
 1 APPPATH\Controllers\Public\Home.php(37): CodeIgniter\Debug\Exceptions->errorHandler(2, 'Trying to access array offset on value of type null', 'C:\\xampp\\htdocs\\www\\Site-du-PEC\\htdocs\\app\\Controllers\\Public\\Home.php', 37)
 2 APPPATH\Controllers\Public\Home.php(56): App\Controllers\Public\Home->_render('Public/v_accueil', [...])
 3 SYSTEMPATH\CodeIgniter.php(933): App\Controllers\Public\Home->index()
 4 SYSTEMPATH\CodeIgniter.php(507): CodeIgniter\CodeIgniter->runController(Object(App\Controllers\Public\Home))
 5 SYSTEMPATH\CodeIgniter.php(354): CodeIgniter\CodeIgniter->handleRequest(null, Object(Config\Cache), false)
 6 SYSTEMPATH\Boot.php(334): CodeIgniter\CodeIgniter->run()
 7 SYSTEMPATH\Boot.php(67): CodeIgniter\Boot::runCodeIgniter(Object(CodeIgniter\CodeIgniter))
 8 FCPATH\index.php(69): CodeIgniter\Boot::bootWeb(Object(Config\Paths))
CRITICAL - 2026-02-03 13:47:27 --> ErrorException: Trying to access array offset on value of type null
[Method: GET, Route: /]
in APPPATH\Controllers\Public\Home.php on line 37.
 1 APPPATH\Controllers\Public\Home.php(37): CodeIgniter\Debug\Exceptions->errorHandler(2, 'Trying to access array offset on value of type null', 'C:\\xampp\\htdocs\\www\\Site-du-PEC\\htdocs\\app\\Controllers\\Public\\Home.php', 37)
 2 APPPATH\Controllers\Public\Home.php(56): App\Controllers\Public\Home->_render('Public/v_accueil', [...])
 3 SYSTEMPATH\CodeIgniter.php(933): App\Controllers\Public\Home->index()
 4 SYSTEMPATH\CodeIgniter.php(507): CodeIgniter\CodeIgniter->runController(Object(App\Controllers\Public\Home))
 5 SYSTEMPATH\CodeIgniter.php(354): CodeIgniter\CodeIgniter->handleRequest(null, Object(Config\Cache), false)
 6 SYSTEMPATH\Boot.php(334): CodeIgniter\CodeIgniter->run()
 7 SYSTEMPATH\Boot.php(67): CodeIgniter\Boot::runCodeIgniter(Object(CodeIgniter\CodeIgniter))
 8 FCPATH\index.php(69): CodeIgniter\Boot::bootWeb(Object(Config\Paths))
DEBUG - 2026-02-03 13:50:46 --> Session: Class initialized using 'CodeIgniter\Session\Handlers\FileHandler' driver.
DEBUG - 2026-02-03 13:50:52 --> Session: Class initialized using 'CodeIgniter\Session\Handlers\FileHandler' driver.
DEBUG - 2026-02-03 13:50:52 --> Session: Class initialized using 'CodeIgniter\Session\Handlers\FileHandler' driver.
DEBUG - 2026-02-03 13:51:25 --> Session: Class initialized using 'CodeIgniter\Session\Handlers\FileHandler' driver.
DEBUG - 2026-02-03 13:51:48 --> Session: Class initialized using 'CodeIgniter\Session\Handlers\FileHandler' driver.
DEBUG - 2026-02-03 13:52:43 --> Session: Class initialized using 'CodeIgniter\Session\Handlers\FileHandler' driver.
DEBUG - 2026-02-03 13:52:45 --> Session: Class initialized using 'CodeIgniter\Session\Handlers\FileHandler' driver.
DEBUG - 2026-02-03 13:53:07 --> Session: Class initialized using 'CodeIgniter\Session\Handlers\FileHandler' driver.
DEBUG - 2026-02-03 13:53:09 --> Session: Class initialized using 'CodeIgniter\Session\Handlers\FileHandler' driver.
DEBUG - 2026-02-03 13:53:10 --> Session: Class initialized using 'CodeIgniter\Session\Handlers\FileHandler' driver.
ERROR - 2026-02-03 13:54:30 --> mysqli_sql_exception: Table 'images' already exists in C:\xampp\htdocs\www\Site-du-PEC\htdocs\system\Database\MySQLi\Connection.php:327
Stack trace:
#0 C:\xampp\htdocs\www\Site-du-PEC\htdocs\system\Database\MySQLi\Connection.php(327): mysqli->query('CREATE TABLE `i...', 0)
#1 C:\xampp\htdocs\www\Site-du-PEC\htdocs\system\Database\BaseConnection.php(738): CodeIgniter\Database\MySQLi\Connection->execute('CREATE TABLE `i...')
#2 C:\xampp\htdocs\www\Site-du-PEC\htdocs\system\Database\BaseConnection.php(652): CodeIgniter\Database\BaseConnection->simpleQuery('CREATE TABLE `i...')
#3 C:\xampp\htdocs\www\Site-du-PEC\htdocs\system\Database\Forge.php(570): CodeIgniter\Database\BaseConnection->query('CREATE TABLE `i...')
#4 C:\xampp\htdocs\www\Site-du-PEC\htdocs\app\Database\Migrations\2026-01-22-103452_Images.php(38): CodeIgniter\Database\Forge->createTable('images')
#5 C:\xampp\htdocs\www\Site-du-PEC\htdocs\system\Database\MigrationRunner.php(876): App\Database\Migrations\Images->up()
#6 C:\xampp\htdocs\www\Site-du-PEC\htdocs\system\Database\MigrationRunner.php(182): CodeIgniter\Database\MigrationRunner->migrate('up', Object(stdClass))
#7 C:\xampp\htdocs\www\Site-du-PEC\htdocs\system\Commands\Database\Migrate.php(85): CodeIgniter\Database\MigrationRunner->latest(NULL)
#8 C:\xampp\htdocs\www\Site-du-PEC\htdocs\system\CLI\Commands.php(74): CodeIgniter\Commands\Database\Migrate->run(Array)
#9 C:\xampp\htdocs\www\Site-du-PEC\htdocs\system\CLI\BaseCommand.php(119): CodeIgniter\CLI\Commands->run('migrate', Array)
#10 C:\xampp\htdocs\www\Site-du-PEC\htdocs\system\Commands\Database\MigrateRefresh.php(87): CodeIgniter\CLI\BaseCommand->call('migrate', Array)
#11 C:\xampp\htdocs\www\Site-du-PEC\htdocs\system\CLI\Commands.php(74): CodeIgniter\Commands\Database\MigrateRefresh->run(Array)
#12 C:\xampp\htdocs\www\Site-du-PEC\htdocs\system\CLI\Console.php(47): CodeIgniter\CLI\Commands->run('migrate:refresh', Array)
#13 C:\xampp\htdocs\www\Site-du-PEC\htdocs\system\Boot.php(360): CodeIgniter\CLI\Console->run()
#14 C:\xampp\htdocs\www\Site-du-PEC\htdocs\system\Boot.php(104): CodeIgniter\Boot::runCommand(Object(CodeIgniter\CLI\Console))
#15 C:\xampp\htdocs\www\Site-du-PEC\htdocs\spark(87): CodeIgniter\Boot::bootSpark(Object(Config\Paths))
#16 {main}
ERROR - 2026-02-03 13:54:45 --> mysqli_sql_exception: Table 'images' already exists in C:\xampp\htdocs\www\Site-du-PEC\htdocs\system\Database\MySQLi\Connection.php:327
Stack trace:
#0 C:\xampp\htdocs\www\Site-du-PEC\htdocs\system\Database\MySQLi\Connection.php(327): mysqli->query('CREATE TABLE `i...', 0)
#1 C:\xampp\htdocs\www\Site-du-PEC\htdocs\system\Database\BaseConnection.php(738): CodeIgniter\Database\MySQLi\Connection->execute('CREATE TABLE `i...')
#2 C:\xampp\htdocs\www\Site-du-PEC\htdocs\system\Database\BaseConnection.php(652): CodeIgniter\Database\BaseConnection->simpleQuery('CREATE TABLE `i...')
#3 C:\xampp\htdocs\www\Site-du-PEC\htdocs\system\Database\Forge.php(570): CodeIgniter\Database\BaseConnection->query('CREATE TABLE `i...')
#4 C:\xampp\htdocs\www\Site-du-PEC\htdocs\app\Database\Migrations\2026-01-22-103452_Images.php(38): CodeIgniter\Database\Forge->createTable('images')
#5 C:\xampp\htdocs\www\Site-du-PEC\htdocs\system\Database\MigrationRunner.php(876): App\Database\Migrations\Images->up()
#6 C:\xampp\htdocs\www\Site-du-PEC\htdocs\system\Database\MigrationRunner.php(182): CodeIgniter\Database\MigrationRunner->migrate('up', Object(stdClass))
#7 C:\xampp\htdocs\www\Site-du-PEC\htdocs\system\Commands\Database\Migrate.php(85): CodeIgniter\Database\MigrationRunner->latest(NULL)
#8 C:\xampp\htdocs\www\Site-du-PEC\htdocs\system\CLI\Commands.php(74): CodeIgniter\Commands\Database\Migrate->run(Array)
#9 C:\xampp\htdocs\www\Site-du-PEC\htdocs\system\CLI\Console.php(47): CodeIgniter\CLI\Commands->run('migrate', Array)
#10 C:\xampp\htdocs\www\Site-du-PEC\htdocs\system\Boot.php(360): CodeIgniter\CLI\Console->run()
#11 C:\xampp\htdocs\www\Site-du-PEC\htdocs\system\Boot.php(104): CodeIgniter\Boot::runCommand(Object(CodeIgniter\CLI\Console))
#12 C:\xampp\htdocs\www\Site-du-PEC\htdocs\spark(87): CodeIgniter\Boot::bootSpark(Object(Config\Paths))
#13 {main}
DEBUG - 2026-02-03 13:55:14 --> Session: Class initialized using 'CodeIgniter\Session\Handlers\FileHandler' driver.
CRITICAL - 2026-02-03 13:56:31 --> ParseError: syntax error, unexpected variable "$today", expecting "function" or "const"
[Method: GET, Route: /]
in APPPATH\Models\Public\Donnees.php on line 243.
 1 SYSTEMPATH\Autoloader\Autoloader.php(295): CodeIgniter\Autoloader\Autoloader->includeFile('C:\\xampp\\htdocs\\www\\Site-du-PEC\\htdocs\\app\\Models\\Public\\Donnees.php')
 2 SYSTEMPATH\Autoloader\Autoloader.php(271): CodeIgniter\Autoloader\Autoloader->loadInNamespace('App\\Models\\Public\\Donnees')
 3 APPPATH\Controllers\Public\Home.php(21): CodeIgniter\Autoloader\Autoloader->loadClass('App\\Models\\Public\\Donnees')
 4 SYSTEMPATH\CodeIgniter.php(903): App\Controllers\Public\Home->__construct()
 5 SYSTEMPATH\CodeIgniter.php(498): CodeIgniter\CodeIgniter->createController()
 6 SYSTEMPATH\CodeIgniter.php(354): CodeIgniter\CodeIgniter->handleRequest(null, Object(Config\Cache), false)
 7 SYSTEMPATH\Boot.php(334): CodeIgniter\CodeIgniter->run()
 8 SYSTEMPATH\Boot.php(67): CodeIgniter\Boot::runCodeIgniter(Object(CodeIgniter\CodeIgniter))
 9 FCPATH\index.php(69): CodeIgniter\Boot::bootWeb(Object(Config\Paths))
CRITICAL - 2026-02-03 13:56:33 --> ParseError: syntax error, unexpected variable "$today", expecting "function" or "const"
[Method: GET, Route: /]
in APPPATH\Models\Public\Donnees.php on line 243.
 1 SYSTEMPATH\Autoloader\Autoloader.php(295): CodeIgniter\Autoloader\Autoloader->includeFile('C:\\xampp\\htdocs\\www\\Site-du-PEC\\htdocs\\app\\Models\\Public\\Donnees.php')
 2 SYSTEMPATH\Autoloader\Autoloader.php(271): CodeIgniter\Autoloader\Autoloader->loadInNamespace('App\\Models\\Public\\Donnees')
 3 APPPATH\Controllers\Public\Home.php(21): CodeIgniter\Autoloader\Autoloader->loadClass('App\\Models\\Public\\Donnees')
 4 SYSTEMPATH\CodeIgniter.php(903): App\Controllers\Public\Home->__construct()
 5 SYSTEMPATH\CodeIgniter.php(498): CodeIgniter\CodeIgniter->createController()
 6 SYSTEMPATH\CodeIgniter.php(354): CodeIgniter\CodeIgniter->handleRequest(null, Object(Config\Cache), false)
 7 SYSTEMPATH\Boot.php(334): CodeIgniter\CodeIgniter->run()
 8 SYSTEMPATH\Boot.php(67): CodeIgniter\Boot::runCodeIgniter(Object(CodeIgniter\CodeIgniter))
 9 FCPATH\index.php(69): CodeIgniter\Boot::bootWeb(Object(Config\Paths))
DEBUG - 2026-02-03 13:56:47 --> Session: Class initialized using 'CodeIgniter\Session\Handlers\FileHandler' driver.
DEBUG - 2026-02-03 13:57:13 --> Session: Class initialized using 'CodeIgniter\Session\Handlers\FileHandler' driver.
DEBUG - 2026-02-03 13:57:36 --> Session: Class initialized using 'CodeIgniter\Session\Handlers\FileHandler' driver.
DEBUG - 2026-02-03 13:58:12 --> Session: Class initialized using 'CodeIgniter\Session\Handlers\FileHandler' driver.
DEBUG - 2026-02-03 13:58:32 --> Session: Class initialized using 'CodeIgniter\Session\Handlers\FileHandler' driver.
DEBUG - 2026-02-03 13:58:33 --> Session: Class initialized using 'CodeIgniter\Session\Handlers\FileHandler' driver.
DEBUG - 2026-02-03 13:58:49 --> Session: Class initialized using 'CodeIgniter\Session\Handlers\FileHandler' driver.
DEBUG - 2026-02-03 13:59:32 --> Session: Class initialized using 'CodeIgniter\Session\Handlers\FileHandler' driver.
DEBUG - 2026-02-03 14:01:31 --> Session: Class initialized using 'CodeIgniter\Session\Handlers\FileHandler' driver.
DEBUG - 2026-02-03 14:01:34 --> Session: Class initialized using 'CodeIgniter\Session\Handlers\FileHandler' driver.
DEBUG - 2026-02-03 14:02:13 --> Session: Class initialized using 'CodeIgniter\Session\Handlers\FileHandler' driver.
DEBUG - 2026-02-03 14:02:21 --> Session: Class initialized using 'CodeIgniter\Session\Handlers\FileHandler' driver.
DEBUG - 2026-02-03 14:02:57 --> Session: Class initialized using 'CodeIgniter\Session\Handlers\FileHandler' driver.
CRITICAL - 2026-02-03 14:02:59 --> ErrorException: Trying to access array offset on value of type null
[Method: GET, Route: boutique]
in APPPATH\Views\Public\v_boutique.php on line 53.
 1 APPPATH\Views\Public\v_boutique.php(53): CodeIgniter\Debug\Exceptions->errorHandler(2, 'Trying to access array offset on value of type null', 'C:\\xampp\\htdocs\\www\\Site-du-PEC\\htdocs\\app\\Views\\Public\\v_boutique.php', 53)
 2 SYSTEMPATH\View\View.php(224): include('C:\\xampp\\htdocs\\www\\Site-du-PEC\\htdocs\\app\\Views\\Public\\v_boutique.php')
 3 SYSTEMPATH\View\View.php(227): CodeIgniter\View\View->CodeIgniter\View\{closure}()
 4 SYSTEMPATH\Common.php(1173): CodeIgniter\View\View->render('Public/v_boutique', [], true)
 5 APPPATH\Controllers\Public\Home.php(40): view('Public/v_boutique', [...])
 6 APPPATH\Controllers\Public\Home.php(90): App\Controllers\Public\Home->_render('Public/v_boutique', [...])
 7 SYSTEMPATH\CodeIgniter.php(933): App\Controllers\Public\Home->boutique()
 8 SYSTEMPATH\CodeIgniter.php(507): CodeIgniter\CodeIgniter->runController(Object(App\Controllers\Public\Home))
 9 SYSTEMPATH\CodeIgniter.php(354): CodeIgniter\CodeIgniter->handleRequest(null, Object(Config\Cache), false)
10 SYSTEMPATH\Boot.php(334): CodeIgniter\CodeIgniter->run()
11 SYSTEMPATH\Boot.php(67): CodeIgniter\Boot::runCodeIgniter(Object(CodeIgniter\CodeIgniter))
12 FCPATH\index.php(69): CodeIgniter\Boot::bootWeb(Object(Config\Paths))
CRITICAL - 2026-02-03 14:03:38 --> ErrorException: Trying to access array offset on value of type null
[Method: GET, Route: boutique]
in APPPATH\Views\Public\v_boutique.php on line 53.
 1 APPPATH\Views\Public\v_boutique.php(53): CodeIgniter\Debug\Exceptions->errorHandler(2, 'Trying to access array offset on value of type null', 'C:\\xampp\\htdocs\\www\\Site-du-PEC\\htdocs\\app\\Views\\Public\\v_boutique.php', 53)
 2 SYSTEMPATH\View\View.php(224): include('C:\\xampp\\htdocs\\www\\Site-du-PEC\\htdocs\\app\\Views\\Public\\v_boutique.php')
 3 SYSTEMPATH\View\View.php(227): CodeIgniter\View\View->CodeIgniter\View\{closure}()
 4 SYSTEMPATH\Common.php(1173): CodeIgniter\View\View->render('Public/v_boutique', [], true)
 5 APPPATH\Controllers\Public\Home.php(40): view('Public/v_boutique', [...])
 6 APPPATH\Controllers\Public\Home.php(90): App\Controllers\Public\Home->_render('Public/v_boutique', [...])
 7 SYSTEMPATH\CodeIgniter.php(933): App\Controllers\Public\Home->boutique()
 8 SYSTEMPATH\CodeIgniter.php(507): CodeIgniter\CodeIgniter->runController(Object(App\Controllers\Public\Home))
 9 SYSTEMPATH\CodeIgniter.php(354): CodeIgniter\CodeIgniter->handleRequest(null, Object(Config\Cache), false)
10 SYSTEMPATH\Boot.php(334): CodeIgniter\CodeIgniter->run()
11 SYSTEMPATH\Boot.php(67): CodeIgniter\Boot::runCodeIgniter(Object(CodeIgniter\CodeIgniter))
12 FCPATH\index.php(69): CodeIgniter\Boot::bootWeb(Object(Config\Paths))
CRITICAL - 2026-02-03 14:03:39 --> ErrorException: Trying to access array offset on value of type null
[Method: GET, Route: boutique]
in APPPATH\Views\Public\v_boutique.php on line 53.
 1 APPPATH\Views\Public\v_boutique.php(53): CodeIgniter\Debug\Exceptions->errorHandler(2, 'Trying to access array offset on value of type null', 'C:\\xampp\\htdocs\\www\\Site-du-PEC\\htdocs\\app\\Views\\Public\\v_boutique.php', 53)
 2 SYSTEMPATH\View\View.php(224): include('C:\\xampp\\htdocs\\www\\Site-du-PEC\\htdocs\\app\\Views\\Public\\v_boutique.php')
 3 SYSTEMPATH\View\View.php(227): CodeIgniter\View\View->CodeIgniter\View\{closure}()
 4 SYSTEMPATH\Common.php(1173): CodeIgniter\View\View->render('Public/v_boutique', [], true)
 5 APPPATH\Controllers\Public\Home.php(40): view('Public/v_boutique', [...])
 6 APPPATH\Controllers\Public\Home.php(90): App\Controllers\Public\Home->_render('Public/v_boutique', [...])
 7 SYSTEMPATH\CodeIgniter.php(933): App\Controllers\Public\Home->boutique()
 8 SYSTEMPATH\CodeIgniter.php(507): CodeIgniter\CodeIgniter->runController(Object(App\Controllers\Public\Home))
 9 SYSTEMPATH\CodeIgniter.php(354): CodeIgniter\CodeIgniter->handleRequest(null, Object(Config\Cache), false)
10 SYSTEMPATH\Boot.php(334): CodeIgniter\CodeIgniter->run()
11 SYSTEMPATH\Boot.php(67): CodeIgniter\Boot::runCodeIgniter(Object(CodeIgniter\CodeIgniter))
12 FCPATH\index.php(69): CodeIgniter\Boot::bootWeb(Object(Config\Paths))
CRITICAL - 2026-02-03 14:03:39 --> ErrorException: Trying to access array offset on value of type null
[Method: GET, Route: boutique]
in APPPATH\Views\Public\v_boutique.php on line 53.
 1 APPPATH\Views\Public\v_boutique.php(53): CodeIgniter\Debug\Exceptions->errorHandler(2, 'Trying to access array offset on value of type null', 'C:\\xampp\\htdocs\\www\\Site-du-PEC\\htdocs\\app\\Views\\Public\\v_boutique.php', 53)
 2 SYSTEMPATH\View\View.php(224): include('C:\\xampp\\htdocs\\www\\Site-du-PEC\\htdocs\\app\\Views\\Public\\v_boutique.php')
 3 SYSTEMPATH\View\View.php(227): CodeIgniter\View\View->CodeIgniter\View\{closure}()
 4 SYSTEMPATH\Common.php(1173): CodeIgniter\View\View->render('Public/v_boutique', [], true)
 5 APPPATH\Controllers\Public\Home.php(40): view('Public/v_boutique', [...])
 6 APPPATH\Controllers\Public\Home.php(90): App\Controllers\Public\Home->_render('Public/v_boutique', [...])
 7 SYSTEMPATH\CodeIgniter.php(933): App\Controllers\Public\Home->boutique()
 8 SYSTEMPATH\CodeIgniter.php(507): CodeIgniter\CodeIgniter->runController(Object(App\Controllers\Public\Home))
 9 SYSTEMPATH\CodeIgniter.php(354): CodeIgniter\CodeIgniter->handleRequest(null, Object(Config\Cache), false)
10 SYSTEMPATH\Boot.php(334): CodeIgniter\CodeIgniter->run()
11 SYSTEMPATH\Boot.php(67): CodeIgniter\Boot::runCodeIgniter(Object(CodeIgniter\CodeIgniter))
12 FCPATH\index.php(69): CodeIgniter\Boot::bootWeb(Object(Config\Paths))
CRITICAL - 2026-02-03 14:03:40 --> ErrorException: Trying to access array offset on value of type null
[Method: GET, Route: boutique]
in APPPATH\Views\Public\v_boutique.php on line 53.
 1 APPPATH\Views\Public\v_boutique.php(53): CodeIgniter\Debug\Exceptions->errorHandler(2, 'Trying to access array offset on value of type null', 'C:\\xampp\\htdocs\\www\\Site-du-PEC\\htdocs\\app\\Views\\Public\\v_boutique.php', 53)
 2 SYSTEMPATH\View\View.php(224): include('C:\\xampp\\htdocs\\www\\Site-du-PEC\\htdocs\\app\\Views\\Public\\v_boutique.php')
 3 SYSTEMPATH\View\View.php(227): CodeIgniter\View\View->CodeIgniter\View\{closure}()
 4 SYSTEMPATH\Common.php(1173): CodeIgniter\View\View->render('Public/v_boutique', [], true)
 5 APPPATH\Controllers\Public\Home.php(40): view('Public/v_boutique', [...])
 6 APPPATH\Controllers\Public\Home.php(90): App\Controllers\Public\Home->_render('Public/v_boutique', [...])
 7 SYSTEMPATH\CodeIgniter.php(933): App\Controllers\Public\Home->boutique()
 8 SYSTEMPATH\CodeIgniter.php(507): CodeIgniter\CodeIgniter->runController(Object(App\Controllers\Public\Home))
 9 SYSTEMPATH\CodeIgniter.php(354): CodeIgniter\CodeIgniter->handleRequest(null, Object(Config\Cache), false)
10 SYSTEMPATH\Boot.php(334): CodeIgniter\CodeIgniter->run()
11 SYSTEMPATH\Boot.php(67): CodeIgniter\Boot::runCodeIgniter(Object(CodeIgniter\CodeIgniter))
12 FCPATH\index.php(69): CodeIgniter\Boot::bootWeb(Object(Config\Paths))
DEBUG - 2026-02-03 14:04:24 --> Session: Class initialized using 'CodeIgniter\Session\Handlers\FileHandler' driver.
DEBUG - 2026-02-03 14:04:37 --> Session: Class initialized using 'CodeIgniter\Session\Handlers\FileHandler' driver.
DEBUG - 2026-02-03 14:04:40 --> Session: Class initialized using 'CodeIgniter\Session\Handlers\FileHandler' driver.
DEBUG - 2026-02-03 14:04:43 --> Session: Class initialized using 'CodeIgniter\Session\Handlers\FileHandler' driver.
DEBUG - 2026-02-03 14:05:14 --> Session: Class initialized using 'CodeIgniter\Session\Handlers\FileHandler' driver.
DEBUG - 2026-02-03 14:05:38 --> Session: Class initialized using 'CodeIgniter\Session\Handlers\FileHandler' driver.
DEBUG - 2026-02-03 14:06:57 --> Session: Class initialized using 'CodeIgniter\Session\Handlers\FileHandler' driver.
DEBUG - 2026-02-03 14:07:23 --> Session: Class initialized using 'CodeIgniter\Session\Handlers\FileHandler' driver.
DEBUG - 2026-02-03 14:07:39 --> Session: Class initialized using 'CodeIgniter\Session\Handlers\FileHandler' driver.
DEBUG - 2026-02-03 14:07:51 --> Session: Class initialized using 'CodeIgniter\Session\Handlers\FileHandler' driver.
DEBUG - 2026-02-03 14:08:01 --> Session: Class initialized using 'CodeIgniter\Session\Handlers\FileHandler' driver.
DEBUG - 2026-02-03 14:08:09 --> Session: Class initialized using 'CodeIgniter\Session\Handlers\FileHandler' driver.
DEBUG - 2026-02-03 14:08:09 --> Session: Class initialized using 'CodeIgniter\Session\Handlers\FileHandler' driver.
DEBUG - 2026-02-03 14:08:21 --> Session: Class initialized using 'CodeIgniter\Session\Handlers\FileHandler' driver.
CRITICAL - 2026-02-03 14:08:21 --> ErrorException: Undefined array key "lienDecatPro"
[Method: GET, Route: admin/general]
in APPPATH\Views\Admin\general\index.php on line 98.
 1 APPPATH\Views\Admin\general\index.php(98): CodeIgniter\Debug\Exceptions->errorHandler(2, 'Undefined array key "lienDecatPro"', 'C:\\xampp\\htdocs\\www\\Site-du-PEC\\htdocs\\app\\Views\\Admin\\general\\index.php', 98)
 2 SYSTEMPATH\View\View.php(224): include('C:\\xampp\\htdocs\\www\\Site-du-PEC\\htdocs\\app\\Views\\Admin\\general\\index.php')
 3 SYSTEMPATH\View\View.php(227): CodeIgniter\View\View->CodeIgniter\View\{closure}()
 4 SYSTEMPATH\Common.php(1173): CodeIgniter\View\View->render('Admin/general/index', [], true)
 5 APPPATH\Controllers\Admin\General.php(34): view('Admin/general/index', [...])
 6 SYSTEMPATH\CodeIgniter.php(933): App\Controllers\Admin\General->index()
 7 SYSTEMPATH\CodeIgniter.php(507): CodeIgniter\CodeIgniter->runController(Object(App\Controllers\Admin\General))
 8 SYSTEMPATH\CodeIgniter.php(354): CodeIgniter\CodeIgniter->handleRequest(null, Object(Config\Cache), false)
 9 SYSTEMPATH\Boot.php(334): CodeIgniter\CodeIgniter->run()
10 SYSTEMPATH\Boot.php(67): CodeIgniter\Boot::runCodeIgniter(Object(CodeIgniter\CodeIgniter))
11 FCPATH\index.php(69): CodeIgniter\Boot::bootWeb(Object(Config\Paths))
DEBUG - 2026-02-03 14:10:41 --> Session: Class initialized using 'CodeIgniter\Session\Handlers\FileHandler' driver.
DEBUG - 2026-02-03 14:10:54 --> Session: Class initialized using 'CodeIgniter\Session\Handlers\FileHandler' driver.
DEBUG - 2026-02-03 14:10:55 --> Session: Class initialized using 'CodeIgniter\Session\Handlers\FileHandler' driver.
DEBUG - 2026-02-03 14:11:00 --> Session: Class initialized using 'CodeIgniter\Session\Handlers\FileHandler' driver.
DEBUG - 2026-02-03 14:11:02 --> Session: Class initialized using 'CodeIgniter\Session\Handlers\FileHandler' driver.
DEBUG - 2026-02-03 14:11:03 --> Session: Class initialized using 'CodeIgniter\Session\Handlers\FileHandler' driver.
DEBUG - 2026-02-03 14:11:05 --> Session: Class initialized using 'CodeIgniter\Session\Handlers\FileHandler' driver.
DEBUG - 2026-02-03 14:11:07 --> Session: Class initialized using 'CodeIgniter\Session\Handlers\FileHandler' driver.
DEBUG - 2026-02-03 14:11:09 --> Session: Class initialized using 'CodeIgniter\Session\Handlers\FileHandler' driver.
DEBUG - 2026-02-03 14:11:12 --> Session: Class initialized using 'CodeIgniter\Session\Handlers\FileHandler' driver.
DEBUG - 2026-02-03 14:11:14 --> Session: Class initialized using 'CodeIgniter\Session\Handlers\FileHandler' driver.
DEBUG - 2026-02-03 14:11:16 --> Session: Class initialized using 'CodeIgniter\Session\Handlers\FileHandler' driver.
DEBUG - 2026-02-03 14:11:17 --> Session: Class initialized using 'CodeIgniter\Session\Handlers\FileHandler' driver.
DEBUG - 2026-02-03 14:11:20 --> Session: Class initialized using 'CodeIgniter\Session\Handlers\FileHandler' driver.
DEBUG - 2026-02-03 14:12:23 --> Session: Class initialized using 'CodeIgniter\Session\Handlers\FileHandler' driver.
DEBUG - 2026-02-03 14:12:28 --> Session: Class initialized using 'CodeIgniter\Session\Handlers\FileHandler' driver.
DEBUG - 2026-02-03 14:12:33 --> Session: Class initialized using 'CodeIgniter\Session\Handlers\FileHandler' driver.
DEBUG - 2026-02-03 14:12:44 --> Session: Class initialized using 'CodeIgniter\Session\Handlers\FileHandler' driver.
DEBUG - 2026-02-03 14:12:58 --> Session: Class initialized using 'CodeIgniter\Session\Handlers\FileHandler' driver.
DEBUG - 2026-02-03 14:13:35 --> Session: Class initialized using 'CodeIgniter\Session\Handlers\FileHandler' driver.
DEBUG - 2026-02-03 14:14:18 --> Session: Class initialized using 'CodeIgniter\Session\Handlers\FileHandler' driver.
DEBUG - 2026-02-03 14:16:51 --> Session: Class initialized using 'CodeIgniter\Session\Handlers\FileHandler' driver.
DEBUG - 2026-02-03 14:16:53 --> Session: Class initialized using 'CodeIgniter\Session\Handlers\FileHandler' driver.
DEBUG - 2026-02-03 14:20:38 --> Session: Class initialized using 'CodeIgniter\Session\Handlers\FileHandler' driver.
CRITICAL - 2026-02-03 14:20:38 --> Error: Call to undefined method CodeIgniter\Database\MySQLi\Builder::getResultArray()
[Method: GET, Route: admin/root]
in APPPATH\Controllers\Admin\Dashboard.php on line 70.
 1 SYSTEMPATH\CodeIgniter.php(933): App\Controllers\Admin\Dashboard->root()
 2 SYSTEMPATH\CodeIgniter.php(507): CodeIgniter\CodeIgniter->runController(Object(App\Controllers\Admin\Dashboard))
 3 SYSTEMPATH\CodeIgniter.php(354): CodeIgniter\CodeIgniter->handleRequest(null, Object(Config\Cache), false)
 4 SYSTEMPATH\Boot.php(334): CodeIgniter\CodeIgniter->run()
 5 SYSTEMPATH\Boot.php(67): CodeIgniter\Boot::runCodeIgniter(Object(CodeIgniter\CodeIgniter))
 6 FCPATH\index.php(69): CodeIgniter\Boot::bootWeb(Object(Config\Paths))
DEBUG - 2026-02-03 14:20:54 --> Session: Class initialized using 'CodeIgniter\Session\Handlers\FileHandler' driver.
DEBUG - 2026-02-03 14:20:56 --> Session: Class initialized using 'CodeIgniter\Session\Handlers\FileHandler' driver.
CRITICAL - 2026-02-03 14:20:56 --> Error: Call to undefined method CodeIgniter\Database\MySQLi\Builder::getResultArray()
[Method: GET, Route: admin/root]
in APPPATH\Controllers\Admin\Dashboard.php on line 70.
 1 SYSTEMPATH\CodeIgniter.php(933): App\Controllers\Admin\Dashboard->root()
 2 SYSTEMPATH\CodeIgniter.php(507): CodeIgniter\CodeIgniter->runController(Object(App\Controllers\Admin\Dashboard))
 3 SYSTEMPATH\CodeIgniter.php(354): CodeIgniter\CodeIgniter->handleRequest(null, Object(Config\Cache), false)
 4 SYSTEMPATH\Boot.php(334): CodeIgniter\CodeIgniter->run()
 5 SYSTEMPATH\Boot.php(67): CodeIgniter\Boot::runCodeIgniter(Object(CodeIgniter\CodeIgniter))
 6 FCPATH\index.php(69): CodeIgniter\Boot::bootWeb(Object(Config\Paths))
DEBUG - 2026-02-03 14:25:26 --> Session: Class initialized using 'CodeIgniter\Session\Handlers\FileHandler' driver.
CRITICAL - 2026-02-03 14:25:26 --> TypeError: Cannot access offset of type string on string
[Method: GET, Route: admin/root]
in APPPATH\Views\Admin\v_root.php on line 4.
 1 SYSTEMPATH\View\View.php(224): include()
 2 SYSTEMPATH\View\View.php(227): CodeIgniter\View\View->CodeIgniter\View\{closure}()
 3 SYSTEMPATH\Common.php(1173): CodeIgniter\View\View->render('Admin/v_root', [], true)
 4 APPPATH\Controllers\Admin\Dashboard.php(78): view('Admin/v_root', [...])
 5 SYSTEMPATH\CodeIgniter.php(933): App\Controllers\Admin\Dashboard->root()
 6 SYSTEMPATH\CodeIgniter.php(507): CodeIgniter\CodeIgniter->runController(Object(App\Controllers\Admin\Dashboard))
 7 SYSTEMPATH\CodeIgniter.php(354): CodeIgniter\CodeIgniter->handleRequest(null, Object(Config\Cache), false)
 8 SYSTEMPATH\Boot.php(334): CodeIgniter\CodeIgniter->run()
 9 SYSTEMPATH\Boot.php(67): CodeIgniter\Boot::runCodeIgniter(Object(CodeIgniter\CodeIgniter))
10 FCPATH\index.php(69): CodeIgniter\Boot::bootWeb(Object(Config\Paths))
DEBUG - 2026-02-03 14:26:29 --> Session: Class initialized using 'CodeIgniter\Session\Handlers\FileHandler' driver.
CRITICAL - 2026-02-03 14:26:29 --> TypeError: Cannot access offset of type string on string
[Method: GET, Route: admin/root]
in APPPATH\Views\Admin\v_root.php on line 4.
 1 SYSTEMPATH\View\View.php(224): include()
 2 SYSTEMPATH\View\View.php(227): CodeIgniter\View\View->CodeIgniter\View\{closure}()
 3 SYSTEMPATH\Common.php(1173): CodeIgniter\View\View->render('Admin/v_root', [], true)
 4 APPPATH\Controllers\Admin\Dashboard.php(78): view('Admin/v_root', [...])
 5 SYSTEMPATH\CodeIgniter.php(933): App\Controllers\Admin\Dashboard->root()
 6 SYSTEMPATH\CodeIgniter.php(507): CodeIgniter\CodeIgniter->runController(Object(App\Controllers\Admin\Dashboard))
 7 SYSTEMPATH\CodeIgniter.php(354): CodeIgniter\CodeIgniter->handleRequest(null, Object(Config\Cache), false)
 8 SYSTEMPATH\Boot.php(334): CodeIgniter\CodeIgniter->run()
 9 SYSTEMPATH\Boot.php(67): CodeIgniter\Boot::runCodeIgniter(Object(CodeIgniter\CodeIgniter))
10 FCPATH\index.php(69): CodeIgniter\Boot::bootWeb(Object(Config\Paths))
DEBUG - 2026-02-03 14:26:30 --> Session: Class initialized using 'CodeIgniter\Session\Handlers\FileHandler' driver.
CRITICAL - 2026-02-03 14:26:30 --> TypeError: Cannot access offset of type string on string
[Method: GET, Route: admin/root]
in APPPATH\Views\Admin\v_root.php on line 4.
 1 SYSTEMPATH\View\View.php(224): include()
 2 SYSTEMPATH\View\View.php(227): CodeIgniter\View\View->CodeIgniter\View\{closure}()
 3 SYSTEMPATH\Common.php(1173): CodeIgniter\View\View->render('Admin/v_root', [], true)
 4 APPPATH\Controllers\Admin\Dashboard.php(78): view('Admin/v_root', [...])
 5 SYSTEMPATH\CodeIgniter.php(933): App\Controllers\Admin\Dashboard->root()
 6 SYSTEMPATH\CodeIgniter.php(507): CodeIgniter\CodeIgniter->runController(Object(App\Controllers\Admin\Dashboard))
 7 SYSTEMPATH\CodeIgniter.php(354): CodeIgniter\CodeIgniter->handleRequest(null, Object(Config\Cache), false)
 8 SYSTEMPATH\Boot.php(334): CodeIgniter\CodeIgniter->run()
 9 SYSTEMPATH\Boot.php(67): CodeIgniter\Boot::runCodeIgniter(Object(CodeIgniter\CodeIgniter))
10 FCPATH\index.php(69): CodeIgniter\Boot::bootWeb(Object(Config\Paths))
DEBUG - 2026-02-03 14:27:51 --> Session: Class initialized using 'CodeIgniter\Session\Handlers\FileHandler' driver.
